###############################################################################
#
# IAR ELF Linker V7.30.1.7746/W32 for ARM                 08/Dec/2014  19:54:28
# Copyright 2007-2014 IAR Systems AB.
#
#    Output file  =  
#        D:\Work\Buchi\DeviceHive-MQX\iar\Release\Exe\twrk70f120m.out
#    Map file     =  
#        D:\Work\Buchi\DeviceHive-MQX\iar\Release\List\twrk70f120m.map
#    Command line =  
#        D:\Work\Buchi\DeviceHive-MQX\iar\Release\Obj\Application.o
#        D:\Work\Buchi\DeviceHive-MQX\MQX_4_1\lib\twrk70f120m.iar\release\bsp\bsp.a
#        D:\Work\Buchi\DeviceHive-MQX\iar\Release\Obj\CCriticalSection.o
#        D:\Work\Buchi\DeviceHive-MQX\iar\Release\Obj\CEvent.o
#        D:\Work\Buchi\DeviceHive-MQX\iar\Release\Obj\CFileIO.o
#        D:\Work\Buchi\DeviceHive-MQX\iar\Release\Obj\cJSON.o
#        D:\Work\Buchi\DeviceHive-MQX\iar\Release\Obj\CommandExecutor.o
#        D:\Work\Buchi\DeviceHive-MQX\iar\Release\Obj\Connection.o
#        D:\Work\Buchi\DeviceHive-MQX\iar\Release\Obj\ConnectionGuard.o
#        D:\Work\Buchi\DeviceHive-MQX\iar\Release\Obj\CThread.o
#        D:\Work\Buchi\DeviceHive-MQX\SSL\IDE\IAR-EWARM\Projects\CyaSSL-Lib\Release\Exe\CyaSSL-Lib.a
#        D:\Work\Buchi\DeviceHive-MQX\iar\Release\Obj\DeviceHiveMain.o
#        D:\Work\Buchi\DeviceHive-MQX\iar\Release\Obj\GatewayDH.o
#        D:\Work\Buchi\DeviceHive-MQX\iar\Release\Obj\HttpClient.o
#        D:\Work\Buchi\DeviceHive-MQX\iar\Release\Obj\HttpTask.o
#        D:\Work\Buchi\DeviceHive-MQX\iar\Release\Obj\iic.o
#        D:\Work\Buchi\DeviceHive-MQX\iar\Release\Obj\Logger.o
#        D:\Work\Buchi\DeviceHive-MQX\iar\Release\Obj\Main.o
#        D:\Work\Buchi\DeviceHive-MQX\MQX_4_1\lib\twrk70f120m.iar\release\mfs\mfs.a
#        D:\Work\Buchi\DeviceHive-MQX\iar\Release\Obj\OS.o
#        D:\Work\Buchi\DeviceHive-MQX\MQX_4_1\lib\twrk70f120m.iar\release\psp\psp.a
#        D:\Work\Buchi\DeviceHive-MQX\iar\Release\Obj\REST.o
#        D:\Work\Buchi\DeviceHive-MQX\MQX_4_1\lib\twrk70f120m.iar\release\rtcs\rtcs.a
#        D:\Work\Buchi\DeviceHive-MQX\iar\Release\Obj\TestPin_think.o
#        D:\Work\Buchi\DeviceHive-MQX\iar\Release\Obj\wdog.o --redirect
#        _Printf=_PrintfFull --redirect _Scanf=_ScanfFull -o
#        D:\Work\Buchi\DeviceHive-MQX\iar\Release\Exe\twrk70f120m.out --keep
#        SSLCert
#        --image_input=D:\Work\Buchi\DeviceHive-MQX\iar\CA_ROOT.pem,SSLCert,hugo,4
#        --map D:\Work\Buchi\DeviceHive-MQX\iar\Release\List\twrk70f120m.map
#        --config
#        D:\Work\Buchi\DeviceHive-MQX\iar\LinkerConfigFiles\intflash_ddrdata.icf
#        --redirect __iar_dlmalloc=malloc --redirect __iar_dlcalloc=calloc
#        --redirect __iar_dlfree=free --entry __iar_program_start --inline
#        --vfe
#
###############################################################################

*******************************************************************************
*** MESSAGES
***

Warning[Li026]: the module "D:\Work\Buchi\DeviceHive-MQX\iar\CA_ROOT.pem" (and
          0 other modules) do not contain information to support Virtual
          Function Elimination


*******************************************************************************
*** RUNTIME MODEL ATTRIBUTES
***

CppFlavor                     = *
__CPP_Exceptions              = Used
__CPP_Language                = C++
__SystemLibrary               = DLib
__dlib_has_iterator_debugging = 0
__dlib_jmp_buf_num_elements   = 16


*******************************************************************************
*** PLACEMENT SUMMARY
***

"A1":  place at 0x00004000 { ro section .intvec, block CFMPROTROM };
"P1":  place in [from 0x00004000 to 0x000fffff] { ro, last block FLASHX_POOL };
"A2":  place at 0x1fff0000 { section USB_BDT_Z, section .sram_pool };
"A4":  place at 0x70040000 { rw, rw section .data };
"P2":  place in [from 0x71f00000 to 0x72000000] { last block KERNEL_DATA };

  Section             Kind        Address     Size  Object
  -------             ----        -------     ----  ------
"A1":                                        0x414
  .intvec             const    0x00004000    0x400  vectors.o [5]
  CFMPROTROM                   0x00004400     0x14  <Block>
    .cfmconfig        const    0x00004400     0x10  vectors.o [5]
    .cfmconfig        const    0x00004410      0x0  vectors.o [5]
    CFMPROTROM        const    0x00004410      0x4  <Block tail>
                             - 0x00004414    0x414

"P1":                                      0x36be1
  .text               ro code  0x00004420     0x28  support.o [9]
  .text               ro code  0x00004450     0x2e  iodebug_asm.o [5]
  .text               ro code  0x00004480     0x64  boot.o [9]
  .text               ro code  0x000044e4     0x16  comp.o [9]
  .text               ro code  0x000044fa      0x2  CommandExecutor.o [2]
  .text               ro code  0x000044fc    0x2d0  init_hw.o [5]
  .text               ro code  0x000047cc    0xf88  mem.o [9]
  .text               ro code  0x00005754      0xc  cstartup_M.o [10]
  .text               ro code  0x00005760    0x7ae  bsp_cm.o [5]
  .text               ro code  0x00005f0e      0x2  ConnectionGuard.o [2]
  .text               ro code  0x00005f10     0xe8  init_gpio.o [5]
  .text               ro code  0x00005ff8    0x1f4  klog.o [9]
  .text               ro code  0x000061ec    0x2d0  int.o [9]
  .text               ro code  0x000064bc    0xa20  task.o [9]
  .text               ro code  0x00006edc      0x6  ABImemclr.o [10]
  .text               ro code  0x00006ee2     0xae  queue.o [9]
  .text               ro code  0x00006f90    0x3f4  lwsem.o [9]
  .text               ro code  0x00007384     0x22  fpinit_M.o [8]
  .text               ro code  0x000073a6      0x2  HttpTask.o [2]
  .text               ro code  0x000073a8     0x1a  cmain.o [10]
  .text               ro code  0x000073c2     0x52  macnet_rejoin.o [5]
  .text               ro code  0x00007414    0x118  hwtimer.o [5]
  .text               ro code  0x0000752c    0x118  lwlog.o [9]
  KERNEL              ro code  0x00007650    0x384  dispatch.o [9]
  .text               ro code  0x000079d4     0x9a  stack_bu.o [9]
  .text               ro code  0x00007a6e      0xa  xsprout.o [6]
  .text               ro code  0x00007a78     0x66  ABImemset.o [10]
  .text               ro code  0x00007ade     0x22  zero_init3.o [10]
  .text               ro code  0x00007b00     0x28  data_init.o [10]
  .text               ro code  0x00007b28     0x10  mqx_main.o [5]
  .text               ro code  0x00007b38      0x4  exit.o [6]
  .text               ro code  0x00007b3c    0x3ec  time.o [9]
  .text               ro code  0x00007f28     0x44  psp_tiad.o [9]
  .text               ro code  0x00007f6c      0x6  ABImemclr4.o [10]
  .text               ro code  0x00007f74    0x460  mqx.o [9]
  .text               ro code  0x000083d4      0xa  cexit.o [10]
  .text               ro code  0x000083e0    0x1ac  sched.o [9]
  .text               ro code  0x0000858c     0x7c  psp_mstiq.o [9]
  .text               ro code  0x00008608     0x3c  psp_tisu.o [9]
  .text               ro code  0x00008644     0x9c  psp_tims.o [9]
  .text               ro code  0x000086e0     0x84  psp_tkti.o [9]
  .text               ro code  0x00008764     0x34  psp_tinm.o [9]
  .text               ro code  0x00008798     0x3a  ABImemset48.o [10]
  .text               ro code  0x000087d4     0x76  ABImemcpy_unaligned.o [10]
  .text               ro code  0x0000884c     0xa8  sc_irdyq.o [9]
  .text               ro code  0x000088f4    0x180  init_bsp.o [5]
  .text               ro code  0x00008a74      0xc  XXexit.o [10]
  .text               ro code  0x00008a80    0x132  I64DivMod.o [10]
  .text               ro code  0x00008bb2     0x8c  psp_mat1.o [9]
  .text               ro code  0x00008c3e     0x32  psp_mat3.o [9]
  .text               ro code  0x00008c70     0xaa  psp_mat2.o [9]
  .text               ro code  0x00008d1a     0x12  psp_iinit.o [9]
  .text               ro code  0x00008d2c     0x10  int_vtab.o [9]
  .text               ro code  0x00008d3c     0x18  kinetis_mpu.o [9]
  .text               ro code  0x00008d54     0x90  dma.o [5]
  .text               ro code  0x00008de4     0x24  io_init.o [9]
  .text               ro code  0x00008e08     0x84  cache.o [9]
  .text               ro code  0x00008e8c    0xe3c  esdhc.o [5]
  .text               ro code  0x00009cc8    0x2a4  iodebug.o [5]
  .text               ro code  0x00009f6c     0x2c  io_sinit.o [5]
  .text               ro code  0x00009f98      0x2  I64DivZer.o [10]
  .text               ro code  0x00009f9c     0x10  int_inst.o [9]
  .text               ro code  0x00009fac     0x9e  nvic.o [9]
  .text               ro code  0x0000a04c    0x510  lwevent.o [9]
  .text               ro code  0x0000a55c     0x1a  esdhc_mk70.o [5]
  .text               ro code  0x0000a578     0xd0  io_instx.o [9]
  .text               ro code  0x0000a648     0x8c  io_fopen.o [9]
  .text               ro code  0x0000a6d4     0x2a  strncmp.o [6]
  .text               ro code  0x0000a700    0x8c0  pow.o [8]
  .text               ro code  0x0000afc0     0x42  xdnorm.o [8]
  .text               ro code  0x0000b002     0x7e  xdint.o [8]
  .text               ro code  0x0000b080     0x20  DblCmpEq.o [8]
  .text               ro code  0x0000b0a0      0xc  errno.o [6]
  .text               ro code  0x0000b0ac     0x2e  DblCmpGe.o [8]
  .text               ro code  0x0000b0dc     0x2e  DblCmpLe.o [8]
  .text               ro code  0x0000b10c    0x1a2  DblMul.o [8]
  .text               ro code  0x0000b2b0     0xe8  DblAdd.o [8]
  .text               ro code  0x0000b398     0x58  DblToI32.o [8]
  .text               ro code  0x0000b3f0     0x30  I32ToDbl.o [8]
  .text               ro code  0x0000b420    0x180  DblSub.o [8]
  .text               ro code  0x0000b5a0    0x246  DblDiv.o [8]
  .text               ro code  0x0000b7e8     0xb0  xlog.o [8]
  .text               ro code  0x0000b898    0x2c6  xexp.o [8]
  .text               ro code  0x0000bb5e      0x2  xtls.o [6]
  .text               ro code  0x0000bb60     0x40  xdtest.o [8]
  .text               ro code  0x0000bba0    0x114  xdscale.o [8]
  .rodata             const    0x0000bcb4      0x4  Logger.o [2]
  .text               ro code  0x0000bcb8    0x200  xdtento.o [8]
  .text               ro code  0x0000beb8     0x56  xdunscal.o [8]
  .rodata             const    0x0000bf10     0x20  Application.o [2]
  .rodata             const    0x0000bf30     0x20  Application.o [2]
  .rodata             const    0x0000bf50     0x20  Application.o [2]
  .rodata             const    0x0000bf70     0x20  Application.o [2]
  .rodata             const    0x0000bf90     0x10  CCriticalSection.o [2]
  .rodata             const    0x0000bfa0     0x20  CommandExecutor.o [2]
  .rodata             const    0x0000bfc0     0x20  Connection.o [2]
  .rodata             const    0x0000bfe0     0x20  Connection.o [2]
  .rodata             const    0x0000c000     0x20  Connection.o [2]
  .rodata             const    0x0000c020     0x20  ConnectionGuard.o [2]
  .rodata             const    0x0000c040     0x20  CThread.o [2]
  .rodata             const    0x0000c060     0x20  GatewayDH.o [2]
  .rodata             const    0x0000c080     0x10  HttpClient.o [2]
  .rodata             const    0x0000c090     0x20  HttpTask.o [2]
  .rodata             const    0x0000c0b0     0x48  Main.o [2]
  .rodata             const    0x0000c0f8     0x10  REST.o [2]
  .rodata             const    0x0000c108     0x3c  sstream.o [11]
  .rodata             const    0x0000c144      0x8  sotcp.o [11]
  .rodata             const    0x0000c14c     0x10  dnsinit.o [11]
  .rodata             const    0x0000c15c      0x8  rtcscmd.o [11]
  .rodata             const    0x0000c164      0x8  ipcfg.o [11]
  .rodata             const    0x0000c16c      0x8  init_bsp.o [5]
  .rodata             const    0x0000c174      0xc  init_bsp.o [5]
  .rodata             const    0x0000c180     0x18  lwgpio_kgpio.o [5]
  .rodata             const    0x0000c198     0x14  io_dopr.o [9]
  .rodata             const    0x0000c1ac     0x14  io_dopr.o [9]
  .rodata             const    0x0000c1c0     0x18  mqx.o [9]
  .rodata             const    0x0000c1d8     0x10  mqx.o [9]
  .rodata             const    0x0000c1e8     0x10  mqx.o [9]
  .rodata             const    0x0000c1f8      0xc  mqx.o [9]
  .rodata             const    0x0000c204      0x4  mqx.o [9]
  .rodata             const    0x0000c208      0x4  mqx.o [9]
  .rodata             const    0x0000c20c     0x14  dnshosts.o [11]
  .rodata             const    0x0000c220     0x14  dnshosts.o [11]
  .rodata             const    0x0000c234     0x14  dnshosts.o [11]
  .rodata             const    0x0000c248     0x14  dnshosts.o [11]
  .rodata             const    0x0000c25c     0x14  dnshosts.o [11]
  .rodata             const    0x0000c270     0x14  dnshosts.o [11]
  .rodata             const    0x0000c284     0x14  dnshosts.o [11]
  .rodata             const    0x0000c298     0x14  dnshosts.o [11]
  .rodata             const    0x0000c2ac     0x14  dnshosts.o [11]
  .rodata             const    0x0000c2c0     0x14  dnshosts.o [11]
  .rodata             const    0x0000c2d4     0x14  dnshosts.o [11]
  .rodata             const    0x0000c2e8     0x14  dnshosts.o [11]
  .rodata             const    0x0000c2fc     0x14  dnshosts.o [11]
  .rodata             const    0x0000c310     0x10  resolver.o [11]
  .rodata             const    0x0000c320     0x3c  sdgram.o [11]
  .rodata             const    0x0000c35c      0x8  sdgram.o [11]
  .rodata             const    0x0000c364      0x8  sdgram.o [11]
  .rodata             const    0x0000c36c     0x14  ip-e.o [11]
  .rodata             const    0x0000c380      0x4  ip-e.o [11]
  .rodata             const    0x0000c384      0xc  dnsutil.o [11]
  .rodata             const    0x0000c390     0x10  dnsutil.o [11]
  .rodata             const    0x0000c3a0     0x18  init_dma.o [5]
  .rodata             const    0x0000c3b8      0xc  init_esdhc.o [5]
  .rodata             const    0x0000c3c4      0xc  init_iodebug.o [5]
  .rodata             const    0x0000c3d0     0x1c  bsp_cm.o [5]
  .rodata             const    0x0000c3ec     0x78  bsp_cm.o [5]
  .rodata             const    0x0000c464     0x18  hwtimer_systick.o [5]
  .rodata             const    0x0000c47c   0x1428  aes.o [4]
  .rodata             const    0x0000d8a4     0x14  iplocal.o [11]
  .rodata             const    0x0000d8b8      0x4  iplocal.o [11]
  .rodata             const    0x0000d8bc      0xc  rtcsinit.o [11]
  .rodata             const    0x0000d8c8     0x14  init_enet.o [5]
  .rodata             const    0x0000d8dc     0x10  init_enet.o [5]
  .rodata             const    0x0000d8ec     0x24  init_enet.o [5]
  .rodata             const    0x0000d910      0xc  rtcshost.o [11]
  .rodata             const    0x0000d91c     0x14  rtcshost.o [11]
  .rodata             const    0x0000d930      0x4  rtcshost.o [11]
  .rodata             const    0x0000d934      0xc  rtcshost.o [11]
  .rodata             const    0x0000d940    0x130  rtcshost.o [11]
  .rodata             const    0x0000da70     0x20  macnet_init.o [5]
  .rodata             const    0x0000da90     0x14  phy_ksz8041.o [5]
  .rodata             const    0x0000daa4     0x40  edma_kinetisf.o [5]
  .rodata             const    0x0000dae4      0x4  edma_kinetisf.o [5]
  .rodata             const    0x0000dae8     0x40  macnet_mk70.o [5]
  .rodata             const    0x0000db28      0xc  mqx_init.o [5]
  .rodata             const    0x0000db34     0x30  mqx_init.o [5]
  .text               ro code  0x0000db64    0xf14  Application.o [2]
  .text               ro code  0x0000ea78      0xa  delop_0.o [7]
  .text               ro code  0x0000ea84     0x24  newop_0.o [7]
  .text               ro code  0x0000eaa8    0x12e  CThread.o [2]
  .text               ro code  0x0000ebd8     0xb8  Logger.o [2]
  .text               ro code  0x0000ec90   0x1178  GatewayDH.o [2]
  .text               ro code  0x0000fe08    0x6b4  mutex.o [9]
  .text               ro code  0x000104bc     0x32  io_spr.o [9]
  .text               ro code  0x000104f0    0xfe4  cJSON.o [2]
  .text               ro code  0x000114d4     0x36  strlen.o [10]
  .text               ro code  0x0001150c    0x378  CommandExecutor.o [2]
  .text               ro code  0x00011884    0x158  iic.o [2]
  .text               ro code  0x000119dc     0xe0  OS.o [2]
  .text               ro code  0x00011abc     0xac  TestPin_think.o [2]
  .text               ro code  0x00011b68      0x4  nomemory.o [7]
  .text               ro code  0x00011b6c     0x28  io_pntf.o [9]
  .text               ro code  0x00011b94   0x1748  REST.o [2]
  .text               ro code  0x000132dc      0x4  delaop_0.o [7]
  .text               ro code  0x000132e0    0x230  rtcscmd.o [11]
  .text               ro code  0x00013510    0x7dc  ipcfg.o [11]
  .text               ro code  0x00013cec    0x1a4  dnsinit.o [11]
  .text               ro code  0x00013e90      0x8  newaop_0.o [7]
  .text               ro code  0x00013e98     0x44  strcpy_unaligned.o [10]
  .text               ro code  0x00013edc    0x9c8  ssl.o [4]
  .text               ro code  0x000148a4    0xb1c  io_dopr.o [9]
  .text               ro code  0x000153c0     0x16  strchr.o [10]
  .text               ro code  0x000153d8     0x34  sprintf.o [6]
  .text               ro code  0x0001540c     0x6e  floor.o [8]
  .text               ro code  0x0001547c     0xd6  lwgpio_kgpio.o [5]
  .text               ro code  0x00015552      0x6  abort.o [6]
  .text               ro code  0x00015558     0x40  io_ghand.o [9]
  .text               ro code  0x00015598    0xc14  HttpClient.o [2]
  .text               ro code  0x000161ac   0x1358  HttpTask.o [2]
  .text               ro code  0x00017504    0x180  rtcspart.o [11]
  .text               ro code  0x00017684    0x714  msgq.o [9]
  .text               ro code  0x00017d98    0x2e8  msgpool.o [9]
  .text               ro code  0x00018080     0xa2  rtcstask.o [11]
  .text               ro code  0x00018124    0x484  msg.o [9]
  .text               ro code  0x000185a8    0x1f8  ifdns.o [11]
  .text               ro code  0x000187a0     0x50  ifdhcp.o [11]
  .text               ro code  0x000187f0     0x40  ifrem.o [11]
  .text               ro code  0x00018830     0xa8  ifadd.o [11]
  .text               ro code  0x000188d8     0x70  dhcputil.o [11]
  .text               ro code  0x00018948     0xe8  eninit.o [5]
  .text               ro code  0x00018a30     0x44  enstop.o [5]
  .text               ro code  0x00018a74     0xde  rtcs.o [11]
  .text               ro code  0x00018b54   0x4e08  internal.o [4]
  .text               ro code  0x0001d95c     0x28  wc_port.o [4]
  .text               ro code  0x0001d984   0x1e7a  asn.o [4]
  .text               ro code  0x0001f800     0x62  memcmp_unaligned.o [10]
  .text               ro code  0x0001f864    0x844  md5.o [4]
  .text               ro code  0x000200a8    0x6aa  io_fp.o [9]
  .text               ro code  0x00020754    0xdaa  xprintffull.o [6]
  .text               ro code  0x00021500     0x78  CCriticalSection.o [2]
  .text               ro code  0x00021578     0x42  strcmp_unaligned.o [10]
  .text               ro code  0x000215bc    0x500  ConnectionGuard.o [2]
  .text               ro code  0x00021abc    0xef0  Connection.o [2]
  .text               ro code  0x000229ac     0x1c  strcat.o [6]
  .text               ro code  0x000229c8     0x2c  strstr.o [6]
  .text               ro code  0x000229f4     0x22  strcspn.o [6]
  .text               ro code  0x00022a16     0x10  io_sscan.o [9]
  .text               ro code  0x00022a28    0x678  partition.o [9]
  .text               ro code  0x000230a0    0x8c6  dnsutil.o [11]
  .text               ro code  0x00023966     0x58  enutil.o [5]
  .text               ro code  0x000239c0     0xfc  sockutil.o [11]
  .text               ro code  0x00023abc   0x114e  sha.o [4]
  .text               ro code  0x00024c0c    0x5ac  sha256.o [4]
  .text               ro code  0x000251b8     0x6c  strncpy_unaligned.o [10]
  .text               ro code  0x00025224     0xa8  random.o [4]
  .text               ro code  0x000252cc    0x38e  rsa.o [4]
  .text               ro code  0x0002565c    0x52c  tls.o [4]
  .text               ro code  0x00025b88     0x78  ABImemmove_unaligned.o [10]
  .text               ro code  0x00025c00   0x2112  aes.o [4]
  .text               ro code  0x00027d14    0xe30  des3.o [4]
  .text               ro code  0x00028b44     0x98  arc4.o [4]
  .text               ro code  0x00028bdc    0xd88  error.o [4]
  .text               ro code  0x00029964    0x7c8  keys.o [4]
  .text               ro code  0x0002a12c   0x1750  tfm.o [4]
  .text               ro code  0x0002b87c      0xa  gmtime.o [6]
  .text               ro code  0x0002b888     0xc0  modf.o [8]
  .text               ro code  0x0002b948     0x58  memchr.o [10]
  .text               ro code  0x0002b9a0      0xe  div.o [6]
  .text               ro code  0x0002b9b0     0x4e  FltToDbl.o [8]
  .text               ro code  0x0002ba00    0x1b0  sosel.o [11]
  .text               ro code  0x0002bbb0    0x53e  io_scanl.o [9]
  .text               ro code  0x0002c0ee      0xa  isdigit.o [6]
  .text               ro code  0x0002c0f8     0x1e  isalnum.o [6]
  .text               ro code  0x0002c116      0xc  memcpy.o [6]
  .text               ro code  0x0002c122     0x14  memset.o [6]
  .text               ro code  0x0002c136    0x274  hmac.o [4]
  .text               ro code  0x0002c3ac    0x188  xttotm.o [6]
  .text               ro code  0x0002c534     0xac  timer.o [11]
  .text               ro code  0x0002c5e0      0xe  strtod.o [8]
  .text               ro code  0x0002c5f0     0x90  DblToFlt.o [8]
  .text               ro code  0x0002c680    0x134  xisdst.o [6]
  .text               ro code  0x0002c7b4    0x168  xstod.o [8]
  .text               ro code  0x0002c91c     0x29  setlocale.o [6]
  .text               ro code  0x0002c948      0xa  getzone.o [6]
  .text               ro code  0x0002c952     0x42  xgettime.o [6]
  .text               ro code  0x0002c994    0x164  xgetdst.o [6]
  .text               ro code  0x0002caf8    0x130  xstopfx.o [6]
  .text               ro code  0x0002cc28    0x1b4  xstoflt.o [6]
  .text               ro code  0x0002cddc    0x200  xstoxflt.o [6]
  .text               ro code  0x0002cfdc     0xa0  DeviceHiveMain.o [2]
  .text               ro code  0x0002d07c     0x22  Main.o [2]
  .text               ro code  0x0002d0a0    0x5fc  sstream.o [11]
  .text               ro code  0x0002d69c    0x340  tcp_clos.o [11]
  .text               ro code  0x0002d9dc    0x67a  tcp_rcv.o [11]
  .text               ro code  0x0002e056    0x334  ticker.o [11]
  .text               ro code  0x0002e38c   0x132a  tcp.o [11]
  .text               ro code  0x0002f6b8    0xec6  tcp_send.o [11]
  .text               ro code  0x0003057e    0x34c  tcp_buf.o [11]
  .text               ro code  0x000308ca     0x1a  rtcsmsec.o [11]
  .text               ro code  0x000308e4    0x1b4  iplocal.o [11]
  .text               ro code  0x00030a98    0x28c  iputil.o [11]
  .text               ro code  0x00030d24    0x41a  rtcspcb.o [11]
  .text               ro code  0x00031140    0x8cc  ip.o [11]
  .text               ro code  0x00031a0c     0x72  checksum.o [11]
  .text               ro code  0x00031a80     0xec  rtcsrand.o [11]
  .text               ro code  0x00031b6c    0x8d4  iproute.o [11]
  .text               ro code  0x00032440    0x612  icmp.o [11]
  .text               ro code  0x00032a52    0x1c6  ipradix.o [11]
  .text               ro code  0x00032c18     0x34  ipsum.o [9]
  .text               ro code  0x00032c4c     0x22  route.o [11]
  .text               ro code  0x00032c70   0x1400  resolver.o [11]
  .text               ro code  0x00034070      0xc  tolower.o [6]
  .text               ro code  0x0003407c    0x364  sdgram.o [11]
  .text               ro code  0x000343e0    0x134  tcpip.o [11]
  .text               ro code  0x00034514      0xc  arpinit.o [11]
  .text               ro code  0x00034520     0x14  bootinit.o [11]
  .text               ro code  0x00034534    0x3ac  ip-e.o [11]
  .text               ro code  0x000348e0    0x7d4  arp.o [11]
  .text               ro code  0x000350b4     0x80  enopen.o [5]
  .text               ro code  0x00035134     0x7c  enclose.o [5]
  .text               ro code  0x000351b0     0x1c  enaddr.o [5]
  .text               ro code  0x000351cc    0x160  ensend.o [5]
  .text               ro code  0x0003532c     0x98  enjoin.o [5]
  .text               ro code  0x000353c4     0xb0  enleave.o [5]
  .text               ro code  0x00035474    0x128  hwtimer_systick.o [5]
  .text               ro code  0x0003559c     0x44  idletask.o [9]
  .text               ro code  0x000355e0     0x60  inittask.o [9]
  .text               ro code  0x00035640    0x13c  io.o [4]
  .text               ro code  0x0003577c    0x962  udp.o [11]
  .text               ro code  0x000360e0    0x1a0  ipif_add.o [11]
  .text               ro code  0x00036280   0x1038  dhcpclnt.o [11]
  .text               ro code  0x000372b8     0x58  bootcomm.o [11]
  .text               ro code  0x00037310     0x86  ipif_rem.o [11]
  .text               ro code  0x00037398    0x7cc  edma.o [5]
  .text               ro code  0x00037b64     0x50  edma_kinetisf.o [5]
  .text               ro code  0x00037bb4    0x414  macnet_init.o [5]
  .text               ro code  0x00037fc8     0x1a  macnet_mk70.o [5]
  .text               ro code  0x00037fe4    0x192  macnet_util.o [5]
  .text               ro code  0x00038178    0x42e  macnet_receive.o [5]
  .text               ro code  0x000385a6     0xc4  enrecv.o [5]
  .text               ro code  0x0003866c     0x78  macnet_join.o [5]
  .text               ro code  0x000386e4     0xb6  macnet_mii.o [5]
  .text               ro code  0x0003879c    0x2a8  macnet_send.o [5]
  .text               ro code  0x00038a44     0x4c  macnet_stop.o [5]
  hugo                const    0x00038a90   0x11b2  CA_ROOT.pem [1]
  .text               ro code  0x00039c42      0xc  Application.o [2]
  .text               ro code  0x00039c4e      0xc  Application.o [2]
  .text               ro code  0x00039c5a      0xc  Application.o [2]
  .text               ro code  0x00039c66     0x12  Application.o [2]
  .text               ro code  0x00039c78     0x12  Application.o [2]
  .text               ro code  0x00039c8a     0x12  Application.o [2]
  .text               ro code  0x00039c9c     0x3c  sotcp.o [11]
  .text               ro code  0x00039cd8     0x30  io_fputc.o [9]
  .text               ro code  0x00039d08    0x164  phy_ksz8041.o [5]
  .text               ro code  0x00039e6c      0x4  xpurevirtual.o [6]
  .text               ro code  0x00039e70     0xd2  packbits_init.o [10]
  .iar.init_table     const    0x00039f44     0x6c  - Linker created -
  .rodata             const    0x00039fb0      0x0  zero_init3.o [10]
  .rodata             const    0x00039fb0      0x0  packbits_init.o [10]
  Initializer bytes   ro data  0x00039fb0    0x1b0  <for rw section .data-1>
  Initializer bytes   ro data  0x0003a160      0x2  <for rw-1>
  Initializer bytes   ro data  0x0003a162      0x2  <for KERNEL_DATA-1>
  FLASHX_POOL                  0x0003b000      0x1  <Block>
    .flashx           const    0x0003b000      0x1  vectors.o [5]
    .flashx           const    0x0003b001      0x0  vectors.o [5]
                             - 0x0003b001  0x36be1

"A2":                                          0x4
  .sram_pool          zero     0x1fff0000      0x1  vectors.o [5]
                             - 0x1fff0001      0x1

"A4":                                       0x25d4
  rw-1                         0x70040000     0x40  <Init block>
    __DLIB_PERTHREAD  inited   0x70040000      0x4  errno.o [6]
    __DLIB_PERTHREAD  inited   0x70040004     0x2c  xttotm.o [6]
    __DLIB_PERTHREAD  inited   0x70040030      0x4  xisdst.o [6]
    __DLIB_PERTHREAD  inited   0x70040034      0x8  setlocale.o [6]
    __DLIB_PERTHREAD  inited   0x7004003c      0x4  xisdstData.o [6]
  .bss                zero     0x70040040     0x40  init_bsp.o [5]
  .bss                zero     0x70040080      0x4  Application.o [2]
  .bss                zero     0x70040084      0x4  DeviceHiveMain.o [2]
  .bss                zero     0x70040088      0x4  GatewayDH.o [2]
  .bss                zero     0x7004008c      0x4  HttpClient.o [2]
  .bss                zero     0x70040090      0x4  Logger.o [2]
  .bss                zero     0x70040094     0x3c  Logger.o [2]
  .bss                zero     0x700400d0      0x4  REST.o [2]
  .bss                zero     0x700400d4     0x10  TestPin_think.o [2]
  .bss                zero     0x700400e4     0x64  ssl.o [4]
  .bss                zero     0x70040148    0xec8  ssl.o [4]
  .bss                zero     0x70041010     0xdc  ssl.o [4]
  .bss                zero     0x700410ec     0x80  ipcfg.o [11]
  .bss                zero     0x7004116c      0x4  init_bsp.o [5]
  .bss                zero     0x70041170      0x4  mqx.o [9]
  .bss                zero     0x70041174      0x4  mqx.o [9]
  .bss                zero     0x70041178      0x4  mqx.o [9]
  .bss                zero     0x7004117c      0x4  mqx.o [9]
  .bss                zero     0x70041180      0x4  psp_mstiq.o [9]
  .bss                zero     0x70041184      0x4  psp_mstiq.o [9]
  .bss                zero     0x70041188      0x4  timer.o [11]
  .bss                zero     0x7004118c      0x4  dnshosts.o [11]
  .bss                zero     0x70041190      0x4  resolver.o [11]
  .bss                zero     0x70041194      0x4  resolver.o [11]
  .bss                zero     0x70041198      0x4  resolver.o [11]
  .bss                zero     0x7004119c      0x4  rtcsglob.o [11]
  .bss                zero     0x700411a0      0x4  rtcsglob.o [11]
  .bss                zero     0x700411a4      0x4  rtcsglob.o [11]
  .bss                zero     0x700411a8      0x4  tcpip.o [11]
  .bss                zero     0x700411ac     0x9c  dnsutil.o [11]
  .bss                zero     0x70041248    0xff0  dnsutil.o [11]
  .bss                zero     0x70042238     0x40  dnsutil.o [11]
  .bss                zero     0x70042278      0x4  dma.o [5]
  .bss                zero     0x7004227c      0x4  dma.o [5]
  .bss                zero     0x70042280      0x4  iplocal.o [11]
  .bss                zero     0x70042284      0x4  rtcsrand.o [11]
  .bss                zero     0x70042288      0x4  rtcsrand.o [11]
  .bss                zero     0x7004228c      0x4  arpinit.o [11]
  .bss                zero     0x70042290      0x4  bootinit.o [11]
  .bss                zero     0x70042294      0x4  bootinit.o [11]
  .bss                zero     0x70042298      0x4  ipif_add.o [11]
  .bss                zero     0x7004229c     0x80  edma.o [5]
  .bss                zero     0x7004231c      0x4  new.o [7]
  .bss                zero     0x70042320      0x4  HttpTask.o [2]
  .bss                zero     0x70042324      0x2  resolver.o [11]
  .bss                zero     0x70042326      0x1  Application.o [2]
  .bss                zero     0x70042327      0x1  OS.o [2]
  .bss                zero     0x70042328      0x1  rtcsglob.o [11]
  .bss                zero     0x70042329      0x1  rtcsglob.o [11]
  .bss                zero     0x7004232a      0x1  rtcsglob.o [11]
  .bss                zero     0x7004232b      0x1  rtcsglob.o [11]
  .bss                zero     0x7004232c      0x1  rtcsglob.o [11]
  .bss                zero     0x7004232d      0x1  bsp_cm.o [5]
  rw section .data-1           0x70042330    0x2a4  <Init block>
    .data             inited   0x70042330      0xc  cJSON.o [2]
    .data             inited   0x7004233c     0x18  lwgpio_kgpio.o [5]
    .data             inited   0x70042354      0x4  mqx.o [9]
    .data             inited   0x70042358      0x2  dnshosts.o [11]
    .data             inited   0x7004235c     0x24  dnshosts.o [11]
    .data             inited   0x70042380     0x24  dnshosts.o [11]
    .data             inited   0x700423a4     0x24  dnshosts.o [11]
    .data             inited   0x700423c8     0x24  dnshosts.o [11]
    .data             inited   0x700423ec     0x24  dnshosts.o [11]
    .data             inited   0x70042410     0x24  dnshosts.o [11]
    .data             inited   0x70042434     0x24  dnshosts.o [11]
    .data             inited   0x70042458     0x24  dnshosts.o [11]
    .data             inited   0x7004247c     0x24  dnshosts.o [11]
    .data             inited   0x700424a0     0x24  dnshosts.o [11]
    .data             inited   0x700424c4     0x24  dnshosts.o [11]
    .data             inited   0x700424e8     0x24  dnshosts.o [11]
    .data             inited   0x7004250c     0x24  dnshosts.o [11]
    .data             inited   0x70042530      0xc  dnshosts.o [11]
    .data             inited   0x7004253c     0x24  dnshosts.o [11]
    .data             inited   0x70042560      0x4  dnshosts.o [11]
    .data             inited   0x70042564      0x4  rtcsglob.o [11]
    .data             inited   0x70042568      0x4  rtcsglob.o [11]
    .data             inited   0x7004256c      0x4  rtcsglob.o [11]
    .data             inited   0x70042570      0x4  rtcsglob.o [11]
    .data             inited   0x70042574      0x4  rtcsglob.o [11]
    .data             inited   0x70042578      0x4  rtcsglob.o [11]
    .data             inited   0x7004257c      0x4  rtcsglob.o [11]
    .data             inited   0x70042580      0x4  rtcsglob.o [11]
    .data             inited   0x70042584      0x4  rtcsglob.o [11]
    .data             inited   0x70042588      0x4  rtcsglob.o [11]
    .data             inited   0x7004258c      0x4  rtcsglob.o [11]
    .data             inited   0x70042590      0x4  rtcsglob.o [11]
    .data             inited   0x70042594      0x4  rtcsglob.o [11]
    .data             inited   0x70042598      0x4  rtcsrand.o [11]
    .data             inited   0x7004259c     0x2c  edma.o [5]
    .data             inited   0x700425c8      0x4  edma.o [5]
    .data             inited   0x700425cc      0x8  edma.o [5]
                             - 0x700425d4   0x25d4

"P2":                                          0x4
  KERNEL_DATA                  0x71f00000      0x4  <Block>
    KERNEL_DATA-1              0x71f00000      0x4  <Init block>
      .kernel_data    inited   0x71f00000      0x4  kernel_symbols.o [9]
                             - 0x71f00004      0x4


*******************************************************************************
*** INIT TABLE
***

          Address     Size
          -------     ----
Zero (__iar_zero_init3)
    2 destination ranges, total size 0x22ef:
          0x1fff0000     0x1
          0x70040040  0x22ee

Copy/packbits (__iar_packbits_init3)
    1 source range, total size 0x2 (3% of destination):
          0x0003a160     0x2
    1 destination range, total size 0x40:
          0x70040000    0x40

Copy/packbits (__iar_packbits_init3)
    1 source range, total size 0x1b0 (63% of destination):
          0x00039fb0   0x1b0
    1 destination range, total size 0x2a4:
          0x70042330   0x2a4

Copy/packbits (__iar_packbits_init3)
    1 source range, total size 0x2 (50% of destination):
          0x0003a162     0x2
    1 destination range, total size 0x4:
          0x71f00000     0x4



*******************************************************************************
*** MODULE SUMMARY
***

    Module                  ro code  ro data  rw data
    ------                  -------  -------  -------
D:\Work\Buchi\DeviceHive-MQX\iar: [1]
    CA_ROOT.pem                        4 530
    -------------------------------------------------
    Total:                             4 530

D:\Work\Buchi\DeviceHive-MQX\iar\Release\Obj: [2]
    Application.o             3 950      128        5
    CCriticalSection.o          120       16
    CThread.o                   302       32
    CommandExecutor.o           890       32
    Connection.o              3 824       96
    ConnectionGuard.o         1 282       32
    DeviceHiveMain.o            160                 4
    GatewayDH.o               4 472       32        4
    HttpClient.o              3 092       16        4
    HttpTask.o                4 954       32        4
    Logger.o                    184        4       64
    Main.o                       34       72
    OS.o                        224                 1
    REST.o                    5 960       16        4
    TestPin_think.o             172                16
    cJSON.o                   4 068        7       12
    iic.o                       344
    -------------------------------------------------
    Total:                   34 032      515      118

command line: [3]
    -------------------------------------------------
    Total:

CyaSSL-Lib.a: [4]
    aes.o                     8 466    5 160
    arc4.o                      152
    asn.o                     7 802
    des3.o                    3 632
    error.o                   3 464
    hmac.o                      628
    internal.o               19 976
    io.o                        316
    keys.o                    1 992
    md5.o                     2 116
    random.o                    168
    rsa.o                       910
    sha.o                     4 430
    sha256.o                  1 452
    ssl.o                     2 504             4 104
    tfm.o                     5 968
    tls.o                     1 324
    wc_port.o                    40
    -------------------------------------------------
    Total:                   65 340    5 160    4 104

bsp.a: [5]
    bsp_cm.o                  1 966      148        1
    dma.o                       144                 8
    edma.o                    1 996       36      184
    edma_kinetisf.o              80       68
    enaddr.o                     28
    enclose.o                   124
    eninit.o                    232
    enjoin.o                    152
    enleave.o                   176
    enopen.o                    128
    enrecv.o                    196
    ensend.o                    352
    enstop.o                     68
    enutil.o                     88
    esdhc.o                   3 644
    esdhc_mk70.o                 26
    hwtimer.o                   280
    hwtimer_systick.o           296       24
    init_bsp.o                  384       20       68
    init_dma.o                            24
    init_enet.o                           72
    init_esdhc.o                          12
    init_gpio.o                 232
    init_hw.o                   720
    init_iodebug.o                        12
    io_sinit.o                   44
    iodebug.o                   676
    iodebug_asm.o                46
    lwgpio_kgpio.o              214       40       24
    macnet_init.o             1 044       32
    macnet_join.o               120
    macnet_mii.o                182
    macnet_mk70.o                26       64
    macnet_receive.o          1 070
    macnet_rejoin.o              82
    macnet_send.o               680
    macnet_stop.o                76
    macnet_util.o               402
    mqx_init.o                            60
    mqx_main.o                   16
    phy_ksz8041.o               356       20
    vectors.o                          1 041        1
    -------------------------------------------------
    Total:                   16 346    1 673      286

dl7M_tln.a: [6]
    abort.o                       6
    div.o                        14
    errno.o                      12                 4
    exit.o                        4
    getzone.o                    10
    gmtime.o                     10
    isalnum.o                    30
    isdigit.o                    10
    memcpy.o                     12
    memset.o                     20
    setlocale.o                  41                 8
    sprintf.o                    52
    strcat.o                     28
    strcspn.o                    34
    strncmp.o                    42
    strstr.o                     44
    tolower.o                    12
    xgetdst.o                   356
    xgettime.o                   66
    xisdst.o                    308                 4
    xisdstData.o                           1        4
    xprintffull.o             3 498
    xpurevirtual.o                4
    xsprout.o                    10
    xstoflt.o                   436
    xstopfx.o                   304
    xstoxflt.o                  512
    xtls.o                        2
    xttotm.o                    392        1       44
    -------------------------------------------------
    Total:                    6 269        2       64

dlpp7M_tl_nc.a: [7]
    delaop_0.o                    4
    delop_0.o                    10
    new.o                                           4
    newaop_0.o                    8
    newop_0.o                    36
    nomemory.o                    4
    -------------------------------------------------
    Total:                       62                 4

m7M_tlv.a: [8]
    DblAdd.o                    232
    DblCmpEq.o                   32
    DblCmpGe.o                   46
    DblCmpLe.o                   46
    DblDiv.o                    582
    DblMul.o                    418
    DblSub.o                    384
    DblToFlt.o                  144
    DblToI32.o                   88
    FltToDbl.o                   78
    I32ToDbl.o                   48
    floor.o                     110
    fpinit_M.o                   34
    modf.o                      192
    pow.o                     2 240
    strtod.o                     14
    xdint.o                     126
    xdnorm.o                     66
    xdscale.o                   276
    xdtento.o                   512
    xdtest.o                     64
    xdunscal.o                   86
    xexp.o                      710
    xlog.o                      176
    xstod.o                     360
    -------------------------------------------------
    Total:                    7 064

psp.a: [9]
    boot.o                      100
    cache.o                     132
    comp.o                       22
    dispatch.o                  900
    idletask.o                   68
    inittask.o                   96
    int.o                       720
    int_inst.o                   16
    int_vtab.o                   16
    io_dopr.o                 2 844       40
    io_fopen.o                  140
    io_fp.o                   1 706
    io_fputc.o                   48
    io_ghand.o                   64
    io_init.o                    36
    io_instx.o                  208
    io_pntf.o                    40
    io_scanl.o                1 342
    io_spr.o                     50
    io_sscan.o                   16
    ipsum.o                      52
    kernel_symbols.o                       2        4
    kinetis_mpu.o                24
    klog.o                      500
    lwevent.o                 1 296
    lwlog.o                     280
    lwsem.o                   1 012
    mem.o                     3 976
    mqx.o                     1 120       78       20
    msg.o                     1 156
    msgpool.o                   744
    msgq.o                    1 812
    mutex.o                   1 716
    nvic.o                      158
    partition.o               1 656
    psp_iinit.o                  18
    psp_mat1.o                  140
    psp_mat2.o                  170
    psp_mat3.o                   50
    psp_mstiq.o                 124                 8
    psp_tiad.o                   68
    psp_tims.o                  156
    psp_tinm.o                   52
    psp_tisu.o                   60
    psp_tkti.o                  132
    queue.o                     174
    sc_irdyq.o                  168
    sched.o                     428
    stack_bu.o                  154
    support.o                    40
    task.o                    2 592
    time.o                    1 004
    -------------------------------------------------
    Total:                   29 596      120       32

rt7M_tl.a: [10]
    ABImemclr.o                   6
    ABImemclr4.o                  6
    ABImemcpy_unaligned.o       118
    ABImemmove_unaligned.o      120
    ABImemset.o                 102
    ABImemset48.o                58
    I64DivMod.o                 306
    I64DivZer.o                   2
    XXexit.o                     12
    cexit.o                      10
    cmain.o                      26
    cstartup_M.o                 12
    data_init.o                  40
    memchr.o                     88
    memcmp_unaligned.o           98
    packbits_init.o             210
    strchr.o                     22
    strcmp_unaligned.o           66
    strcpy_unaligned.o           68
    strlen.o                     54
    strncpy_unaligned.o         108
    zero_init3.o                 34
    -------------------------------------------------
    Total:                    1 566

rtcs.a: [11]
    arp.o                     2 004
    arpinit.o                    12                 4
    bootcomm.o                   88
    bootinit.o                   20                 8
    checksum.o                  114
    dhcpclnt.o                4 152
    dhcputil.o                  112
    dnshosts.o                           595      526
    dnsinit.o                   420       16
    dnsutil.o                 2 246       28    4 300
    icmp.o                    1 554
    ifadd.o                     168
    ifdhcp.o                     80
    ifdns.o                     504
    ifrem.o                      64
    ip-e.o                      940       24
    ip.o                      2 252
    ipcfg.o                   2 012        8      128
    ipif_add.o                  416                 4
    ipif_rem.o                  134
    iplocal.o                   436       24        4
    ipradix.o                   454
    iproute.o                 2 260
    iputil.o                    652
    resolver.o                5 120       16       14
    route.o                      34
    rtcs.o                      222
    rtcscmd.o                   560        8
    rtcsglob.o                            33       69
    rtcshost.o                           352
    rtcsinit.o                            12
    rtcsmsec.o                   26
    rtcspart.o                  384
    rtcspcb.o                 1 050
    rtcsrand.o                  236        3       12
    rtcstask.o                  162
    sdgram.o                    868       76
    sockutil.o                  252
    sosel.o                     432
    sotcp.o                      60        8
    sstream.o                 1 532       60
    tcp.o                     4 906
    tcp_buf.o                   844
    tcp_clos.o                  832
    tcp_rcv.o                 1 658
    tcp_send.o                3 782
    tcpip.o                     308                 4
    ticker.o                    820
    timer.o                     172                 4
    udp.o                     2 402
    -------------------------------------------------
    Total:                   47 756    1 263    5 077

    Gaps                        119        4        2
    Linker created                       112
-----------------------------------------------------
    Grand Total:            208 150   13 379    9 687


*******************************************************************************
*** ENTRY LIST
***

Entry                      Address    Size  Type      Object
-----                      -------    ----  ----      ------
?main                   0x000073a9          Code  Gb  cmain.o [10]
ARP_age                 0x00034b9d    0x1e  Code  Lc  arp.o [11]
ARP_close               0x0003495f    0x6a  Code  Gb  arp.o [11]
ARP_delete              0x00034a85    0x4a  Code  Lc  arp.o [11]
ARP_expire              0x00034bbd    0x64  Code  Lc  arp.o [11]
ARP_find                0x000349c9    0x1e  Code  Lc  arp.o [11]
ARP_freelist            0x7004228c     0x4  Data  Gb  arpinit.o [11]
ARP_gratuitous_send     0x00034d2d    0xd0  Code  Lc  arp.o [11]
ARP_init                0x00034515     0xc  Code  Gb  arpinit.o [11]
ARP_insert              0x000349f3    0x92  Code  Lc  arp.o [11]
ARP_is_complete         0x000349e7     0xc  Code  Gb  arp.o [11]
ARP_open                0x000348e1    0x7e  Code  Gb  arp.o [11]
ARP_request             0x00034e07    0x5a  Code  Gb  arp.o [11]
ARP_resolve             0x00034c21   0x10c  Code  Gb  arp.o [11]
ARP_send                0x00034ad1    0xca  Code  Lc  arp.o [11]
ARP_service             0x00034e61   0x23c  Code  Gb  arp.o [11]
AddCA                   0x00014223   0x13a  Code  Gb  ssl.o [4]
AddLength               0x00024ae5    0x12  Code  Lc  sha.o [4]
AddSession              0x0001472d   0x172  Code  Gb  ssl.o [4]
AesCbcDecrypt           0x00027c47    0xac  Code  Gb  aes.o [4]
AesCbcEncrypt           0x00027ba9    0x9e  Code  Gb  aes.o [4]
AesDecrypt              0x000263ad   0x3f4  Code  Lc  aes.o [4]
AesEncrypt              0x00025fb1   0x3f4  Code  Lc  aes.o [4]
AesSetIV                0x00027cf3    0x20  Code  Gb  aes.o [4]
AesSetKey               0x00025f93    0x1e  Code  Gb  aes.o [4]
AesSetKeyLocal          0x00025c01   0x392  Code  Lc  aes.o [4]
AlreadySigner           0x00014137    0x48  Code  Gb  ssl.o [4]
Arc4Process             0x00028ba3    0x3a  Code  Gb  arc4.o [4]
Arc4SetKey              0x00028b45    0x5e  Code  Gb  arc4.o [4]
BOOT_close              0x000372db    0x22  Code  Gb  bootcomm.o [11]
BOOT_count              0x70042290     0x4  Data  Gb  bootinit.o [11]
BOOT_init               0x00034521    0x14  Code  Gb  bootinit.o [11]
BOOT_open               0x000372b9    0x22  Code  Gb  bootcomm.o [11]
BOOT_port               0x70042294     0x4  Data  Gb  bootinit.o [11]
BOOT_send               0x000372fd     0xc  Code  Gb  bootcomm.o [11]
BSL::CCriticalSection::CCriticalSection()
                        0x0002151f    0x1a  Code  Gb  CCriticalSection.o [2]
BSL::CCriticalSection::Lock()
                        0x00021559     0xe  Code  Gb  CCriticalSection.o [2]
BSL::CCriticalSection::Unlock()
                        0x00021567     0xc  Code  Gb  CCriticalSection.o [2]
BSL::CCriticalSection::~CCriticalSection()
                        0x00021539    0x18  Code  Gb  CCriticalSection.o [2]
BSL::CCriticalSection::~CCriticalSection() [deleting]
                        0x00021501    0x1e  Code  Gb  CCriticalSection.o [2]
BSL::CThread::CThread() [subobject]
                        0x0000eaa9     0x2  Code  Gb  CThread.o [2]
BSL::CThread::CreateThread(char *, unsigned char, unsigned int)
                        0x0000eb07    0x6c  Code  Gb  CThread.o [2]
BSL::CThread::ExitInstance()
                        0x0000eaff     0x2  Code  Gb  CThread.o [2]
BSL::CThread::ExitInstance(unsigned int)
                        0x0000eb01     0x2  Code  Gb  CThread.o [2]
BSL::CThread::GetCurrentThreadId()
                        0x0000ebcf     0x8  Code  Gb  CThread.o [2]
BSL::CThread::GetTickCount()
                        0x0000eb8f    0x1a  Code  Gb  CThread.o [2]
BSL::CThread::InitInstance()
                        0x0000eafb     0x4  Code  Gb  CThread.o [2]
BSL::CThread::Run()     0x0000eb03     0x4  Code  Gb  CThread.o [2]
BSL::CThread::Sleep(unsigned int)
                        0x0000eb85     0xa  Code  Gb  CThread.o [2]
BSL::CThread::ThreadProc(unsigned int)
                        0x0000eaaf    0x3a  Code  Gb  CThread.o [2]
BSL::CThread::TimeExpired(unsigned int, unsigned int)
                        0x0000eba9    0x26  Code  Gb  CThread.o [2]
BSL::CThread::~CThread()
                        0x0000eaf9     0x2  Code  Gb  CThread.o [2]
BSL::CThread::~CThread() [deleting]
                        0x0000eaab     0x4  Code  Gb  CThread.o [2]
BSL::Logger::InitLogger()
                        0x0000ebd9    0x24  Code  Gb  Logger.o [2]
BSL::Logger::Log(unsigned int, char const *, unsigned int, char *)
                        0x0000ec09    0x64  Code  Gb  Logger.o [2]
BSL::Logger::SetLoggerMask(unsigned int)
                        0x0000ebfd     0x6  Code  Gb  Logger.o [2]
BSL::Logger::SetLoggerOutput(unsigned int)
                        0x0000ec03     0x6  Code  Gb  Logger.o [2]
BSL::Logger::c_LogToConsole
                        0x0000bcb4     0x4  Data  Gb  Logger.o [2]
BSL::Logger::logBuffer  0x70040098     0x4  Data  Gb  Logger.o [2]
BSL::Logger::mtxLogger  0x700400a0    0x30  Data  Gb  Logger.o [2]
BSL::Logger::s_loggerMask
                        0x70040090     0x4  Data  Gb  Logger.o [2]
BSL::Logger::s_loggerOutput
                        0x70040094     0x4  Data  Gb  Logger.o [2]
BSL::Logger::tmpLoggerBuffer
                        0x7004009c     0x4  Data  Gb  Logger.o [2]
BSL::OS::AllocateSRAM(unsigned int)
                        0x000119dd    0x5a  Code  Gb  OS.o [2]
BSL::OS::CopyBytes(void *, void *, unsigned int)
                        0x00011a4d     0xa  Code  Gb  OS.o [2]
BSL::OS::m_clearOnAllocate
                        0x70042327     0x1  Data  Gb  OS.o [2]
BuildCertHashes         0x0001ab19   0x16a  Code  Lc  internal.o [4]
BuildFinished           0x0001969d   0x15a  Code  Lc  internal.o [4]
BuildMessage            0x0001ace9   0x15e  Code  Lc  internal.o [4]
BuildTlsFinished        0x0002589f    0x86  Code  Gb  tls.o [4]
ByteReverseWords        0x00024c0d    0x26  Code  Lc  sha256.o [4]
ByteReverseWords        0x00023ac5    0x26  Code  Lc  sha.o [4]
CFMPROTROM$$Base        0x00004400           --   Gb  - Linker created -
CFMPROTROM$$Limit       0x00004414           --   Gb  - Linker created -
CTaoCryptGetErrorString
                        0x00028bdd   0x37a  Code  Gb  error.o [4]
CheckAvailableSize      0x0001967b    0x22  Code  Gb  internal.o [4]
CleanPreMaster          0x00029f6f    0x52  Code  Lc  keys.o [4]
ClearLED_Err            0x00011b2b     0x2  Code  Gb  TestPin_think.o [2]
ClearLED_FW             0x00011b0d     0x2  Code  Gb  TestPin_think.o [2]
ClientCache             0x70041010    0xdc  Data  Lc  ssl.o [4]
ClockConfigurationID    0x7004232d     0x1  Data  Lc  bsp_cm.o [5]
ConfirmNameConstraints  0x0001e9f1   0x304  Code  Lc  asn.o [4]
ConfirmSignature        0x0001e887   0x162  Code  Lc  asn.o [4]
ConstantCompare         0x0001a063    0x2c  Code  Lc  internal.o [4]
Cpu_GetClockConfiguration
                        0x00005c7f     0x6  Code  Gb  bsp_cm.o [5]
Cpu_GetCurrentMCGMode   0x00005b0b    0x3e  Code  Lc  bsp_cm.o [5]
Cpu_MCGAutoTrim         0x00005761    0x50  Code  Gb  bsp_cm.o [5]
Cpu_SetClockConfiguration
                        0x00005b49   0x136  Code  Gb  bsp_cm.o [5]
Cpu_SetMCG              0x00005aad    0x5e  Code  Lc  bsp_cm.o [5]
Cpu_SetMCGModeBLPI      0x00005991    0x3a  Code  Lc  bsp_cm.o [5]
Cpu_SetMCGModeFBE       0x000058b1    0xc0  Code  Lc  bsp_cm.o [5]
Cpu_SetMCGModeFBI       0x000059cb    0xc0  Code  Lc  bsp_cm.o [5]
Cpu_SetMCGModePBE       0x0000580b    0x86  Code  Lc  bsp_cm.o [5]
Cpu_SetMCGModePEE       0x000057b1    0x5a  Code  Lc  bsp_cm.o [5]
CyaSSL_CTX_free         0x00013f1d     0xa  Code  Gb  ssl.o [4]
CyaSSL_CTX_new          0x00013edd    0x40  Code  Gb  ssl.o [4]
CyaSSL_CertManagerFree  0x000140f7    0x24  Code  Gb  ssl.o [4]
CyaSSL_CertManagerNew   0x000140cd    0x2a  Code  Gb  ssl.o [4]
CyaSSL_ERR_error_string
                        0x00014075    0x14  Code  Gb  ssl.o [4]
CyaSSL_ERR_reason_error_string
                        0x0001b3ef   0x3f8  Code  Gb  internal.o [4]
CyaSSL_GetMacSecret     0x000140b1    0x1c  Code  Gb  ssl.o [4]
CyaSSL_Init             0x0001435d    0x48  Code  Gb  ssl.o [4]
CyaSSL_SetTlsHmacInner  0x00025a37    0x62  Code  Gb  tls.o [4]
CyaSSL_accept           0x000144fd   0x14a  Code  Gb  ssl.o [4]
CyaSSL_connect          0x000143ed   0x110  Code  Gb  ssl.o [4]
CyaSSL_free             0x00013f53     0xa  Code  Gb  ssl.o [4]
CyaSSL_get_error        0x00014029    0x2c  Code  Gb  ssl.o [4]
CyaSSL_negotiate        0x00013f71    0x28  Code  Gb  ssl.o [4]
CyaSSL_new              0x00013f27    0x2c  Code  Gb  ssl.o [4]
CyaSSL_read             0x00013fe5     0x4  Code  Gb  ssl.o [4]
CyaSSL_read_internal    0x00013fb7    0x28  Code  Lc  ssl.o [4]
CyaSSL_set_fd           0x00013f5d    0x14  Code  Gb  ssl.o [4]
CyaSSL_set_verify       0x000143ad    0x38  Code  Gb  ssl.o [4]
CyaSSL_shutdown         0x00013fe9    0x40  Code  Gb  ssl.o [4]
CyaSSL_want_read        0x00014055    0x10  Code  Gb  ssl.o [4]
CyaSSL_want_write       0x00014065    0x10  Code  Gb  ssl.o [4]
CyaSSL_write            0x00013f99    0x1e  Code  Gb  ssl.o [4]
CyaSSLv23_client_method
                        0x00025b1b    0x28  Code  Gb  tls.o [4]
DH::CApplication::AsyncSendNotification(char const *, cJSON *)
                        0x0000de47    0x40  Code  Gb  Application.o [2]
DH::CApplication::CApplication()
                        0x0000db93    0x2a  Code  Gb  Application.o [2]
DH::CApplication::CButtonChecker::Run()
                        0x0000e4a9    0x88  Code  Gb  Application.o [2]
DH::CApplication::CButtonChecker::~CButtonChecker()
                        0x00039c5b     0xc  Code  Gb  Application.o [2]
DH::CApplication::CButtonChecker::~CButtonChecker() [deleting]
                        0x00039c8b    0x12  Code  Gb  Application.o [2]
DH::CApplication::CGreenLedExecutor::Run()
                        0x0000e36d   0x136  Code  Gb  Application.o [2]
DH::CApplication::CGreenLedExecutor::~CGreenLedExecutor()
                        0x00039c4f     0xc  Code  Gb  Application.o [2]
DH::CApplication::CGreenLedExecutor::~CGreenLedExecutor() [deleting]
                        0x00039c79    0x12  Code  Gb  Application.o [2]
DH::CApplication::CRedLedExecutor::Run()
                        0x0000e235   0x138  Code  Gb  Application.o [2]
DH::CApplication::CRedLedExecutor::~CRedLedExecutor()
                        0x00039c43     0xc  Code  Gb  Application.o [2]
DH::CApplication::CRedLedExecutor::~CRedLedExecutor() [deleting]
                        0x00039c67    0x12  Code  Gb  Application.o [2]
DH::CApplication::ExitInstance()
                        0x0000dc91     0x2  Code  Gb  Application.o [2]
DH::CApplication::ExitInstance(unsigned int)
                        0x0000dc93    0x4a  Code  Gb  Application.o [2]
DH::CApplication::GetInstance()
                        0x0000db77    0x1c  Code  Gb  Application.o [2]
DH::CApplication::GetMacAddress(unsigned char *)
                        0x0000e16f    0xb2  Code  Gb  Application.o [2]
DH::CApplication::GetSerial(char *, unsigned char)
                        0x0000e221     0xe  Code  Gb  Application.o [2]
DH::CApplication::GetServerUrl()
                        0x0000e22f     0x6  Code  Gb  Application.o [2]
DH::CApplication::HandleCommand(cJSON *)
                        0x0000dd1b   0x12c  Code  Gb  Application.o [2]
DH::CApplication::HandleError(unsigned int)
                        0x0000dcdd    0x3e  Code  Gb  Application.o [2]
DH::CApplication::OnCommandAcknowledged(unsigned int, cJSON *)
                        0x0000e049   0x126  Code  Gb  Application.o [2]
DH::CApplication::OnCommandExecuted(unsigned int, cJSON *, DH::CCommandExecutor *)
                        0x0000dfcd    0x7c  Code  Gb  Application.o [2]
DH::CApplication::OnGatewayStarted(unsigned int)
                        0x0000dee5    0x6c  Code  Gb  Application.o [2]
DH::CApplication::OnNotificationSent(unsigned int, cJSON *)
                        0x0000de87    0x5e  Code  Gb  Application.o [2]
DH::CApplication::OnRegistered(unsigned int, cJSON *)
                        0x0000df51    0x7c  Code  Gb  Application.o [2]
DH::CApplication::Run()
                        0x0000dc15    0x58  Code  Gb  Application.o [2]
DH::CApplication::Start()
                        0x0000dbe5    0x30  Code  Gb  Application.o [2]
DH::CApplication::m_Terminated
                        0x70042326     0x1  Data  Gb  Application.o [2]
DH::CApplication::m_pSingletone
                        0x70040080     0x4  Data  Gb  Application.o [2]
DH::CApplication::~CApplication()
                        0x0000dbbd    0x28  Code  Gb  Application.o [2]
DH::CApplication::~CApplication() [deleting]
                        0x0000db65    0x12  Code  Gb  Application.o [2]
DH::CCommandExecutor::AsyncExecute(DH::CCommandExecutor::ExecutorListener *, void (DH::CCommandExecutor::ExecutorListener::*)(unsigned int, cJSON *, DH::CCommandExecutor*), cJSON *)
                        0x00011601    0x3c  Code  Gb  CommandExecutor.o [2]
DH::CCommandExecutor::CCommandExecutor() [subobject]
                        0x0001150d    0x5a  Code  Gb  CommandExecutor.o [2]
DH::CCommandExecutor::ExitInstance()
                        0x000044fb     0x2  Code  Gb  CommandExecutor.o [2]
DH::CCommandExecutor::ExitInstance(unsigned int)
                        0x0001163d    0xe0  Code  Gb  CommandExecutor.o [2]
DH::CCommandExecutor::~CCommandExecutor()
                        0x000115bd    0x44  Code  Gb  CommandExecutor.o [2]
DH::CCommandExecutor::~CCommandExecutor() [deleting]
                        0x00011567    0x12  Code  Gb  CommandExecutor.o [2]
DH::CCommandExecutor::~CCommandExecutor() [subobject]
                        0x00011579    0x44  Code  Gb  CommandExecutor.o [2]
DH::CConnection::CConnection(unsigned int, unsigned short)
                        0x00021ae3    0x50  Code  Gb  Connection.o [2]
DH::CConnection::Connect(unsigned int)
                        0x00021b79   0x19a  Code  Gb  Connection.o [2]
DH::CConnection::SetAtomicReadTimeout(unsigned int)
                        0x00021d63    0x16  Code  Gb  Connection.o [2]
DH::CConnection::SetAtomicWriteTimeout(unsigned int)
                        0x00021d79    0x18  Code  Gb  Connection.o [2]
DH::CConnection::Shutdown()
                        0x00021d13    0x50  Code  Gb  Connection.o [2]
DH::CConnection::Wait(unsigned int)
                        0x00021d91    0xc6  Code  Gb  Connection.o [2]
DH::CConnection::~CConnection()
                        0x00021b33    0x46  Code  Gb  Connection.o [2]
DH::CConnection::~CConnection() [deleting]
                        0x00021abd     0xa  Code  Gb  Connection.o [2]
DH::CConnectionGuard::CConnectionGuard()
                        0x000215cf    0x60  Code  Gb  ConnectionGuard.o [2]
DH::CConnectionGuard::ExitInstance()
                        0x00005f0f     0x2  Code  Gb  ConnectionGuard.o [2]
DH::CConnectionGuard::ExitInstance(unsigned int)
                        0x00021739   0x19c  Code  Gb  ConnectionGuard.o [2]
DH::CConnectionGuard::Guard(DH::CConnection *, unsigned int, DH::CConnectionGuard::GuardListener *, void (DH::CConnectionGuard::GuardListener::*)(unsigned int, DH::CConnectionGuard*), char const *)
                        0x00021681    0x76  Code  Gb  ConnectionGuard.o [2]
DH::CConnectionGuard::Match(unsigned int, unsigned short, bool)
                        0x0002171b    0x1e  Code  Gb  ConnectionGuard.o [2]
DH::CConnectionGuard::Run()
                        0x000216f7    0x14  Code  Gb  ConnectionGuard.o [2]
DH::CConnectionGuard::TakeConnection()
                        0x0002170b    0x10  Code  Gb  ConnectionGuard.o [2]
DH::CConnectionGuard::~CConnectionGuard()
                        0x0002162f    0x52  Code  Gb  ConnectionGuard.o [2]
DH::CConnectionGuard::~CConnectionGuard() [deleting]
                        0x000215bd    0x12  Code  Gb  ConnectionGuard.o [2]
DH::CGateway::AsyncAcknowledgeCommand(cJSON const *, void (DH::CGateway::GatewayListener::*)(unsigned int, cJSON *))
                        0x0000efe7    0x6a  Code  Gb  GatewayDH.o [2]
DH::CGateway::AsyncPollCommands(char const *)
                        0x0000ef91    0x56  Code  Gb  GatewayDH.o [2]
DH::CGateway::AsyncRegister(void (DH::CGateway::GatewayListener::*)(unsigned int, cJSON *))
                        0x0000edd1   0x1b6  Code  Gb  GatewayDH.o [2]
DH::CGateway::AsyncSendNotification(cJSON *, void (DH::CGateway::GatewayListener::*)(unsigned int, cJSON *))
                        0x0000f059    0x70  Code  Gb  GatewayDH.o [2]
DH::CGateway::AsyncStart(void (DH::CGateway::GatewayListener::*)(unsigned int))
                        0x0000ed95    0x3c  Code  Gb  GatewayDH.o [2]
DH::CGateway::CGateway()
                        0x0000ecbf    0x86  Code  Gb  GatewayDH.o [2]
DH::CGateway::ExitInstance()
                        0x0000f30d     0x2  Code  Gb  GatewayDH.o [2]
DH::CGateway::ExitInstance(unsigned int)
                        0x0000f30f    0xaa  Code  Gb  GatewayDH.o [2]
DH::CGateway::GetInstance()
                        0x0000eca3    0x1c  Code  Gb  GatewayDH.o [2]
DH::CGateway::Init(DH::CApplication *, DH::CGateway::DHCPModeEnum)
                        0x0000ed65     0x8  Code  Gb  GatewayDH.o [2]
DH::CGateway::OnCommandAcknowledged(unsigned int, cJSON *)
                        0x0000f6f9   0x124  Code  Gb  GatewayDH.o [2]
DH::CGateway::OnGotServerInfo(unsigned int, cJSON *)
                        0x0000f3b9   0x17c  Code  Gb  GatewayDH.o [2]
DH::CGateway::OnNotify(unsigned int, cJSON *)
                        0x0000f823    0xb2  Code  Gb  GatewayDH.o [2]
DH::CGateway::OnPollCommands(unsigned int, cJSON *)
                        0x0000f5f5    0xfa  Code  Gb  GatewayDH.o [2]
DH::CGateway::OnRegistered(unsigned int, cJSON *)
                        0x0000f535    0xc0  Code  Gb  GatewayDH.o [2]
DH::CGateway::Run()     0x0000f0f1   0x1b4  Code  Gb  GatewayDH.o [2]
DH::CGateway::m_pSingletone
                        0x70040088     0x4  Data  Gb  GatewayDH.o [2]
DH::CGateway::~CGateway()
                        0x0000ed6d    0x28  Code  Gb  GatewayDH.o [2]
DH::CGateway::~CGateway() [deleting]
                        0x0000ec91    0x12  Code  Gb  GatewayDH.o [2]
DH::CHttpClient::AsyncSend(DH::CHttpTask *, DH::CHttpTask::TaskListener *, void (DH::CHttpTask::TaskListener::*)(unsigned int, DH::CHttpTask *), unsigned int, char const *)
                        0x00015ad3    0x2c  Code  Gb  HttpClient.o [2]
DH::CHttpClient::AsyncSendWithObject(DH::CHttpTask *, DH::CHttpTask::TaskListener *, void (DH::CHttpTask::TaskListener::*)(unsigned int, DH::CHttpTask *, void *), unsigned int, void *, char const *)
                        0x00015aff    0x30  Code  Gb  HttpClient.o [2]
DH::CHttpClient::CHttpClient()
                        0x000155c7    0x1c  Code  Gb  HttpClient.o [2]
DH::CHttpClient::CreateTask()
                        0x0001567b    0xc8  Code  Gb  HttpClient.o [2]
DH::CHttpClient::GetInstance()
                        0x000155ab    0x1c  Code  Gb  HttpClient.o [2]
DH::CHttpClient::NewGET(char const *)
                        0x0001575b    0x18  Code  Gb  HttpClient.o [2]
DH::CHttpClient::NewPOST(char const *)
                        0x00015743    0x18  Code  Gb  HttpClient.o [2]
DH::CHttpClient::NewPUT(char const *)
                        0x00015773    0x18  Code  Gb  HttpClient.o [2]
DH::CHttpClient::OnConnectionExpired(unsigned int, DH::CConnectionGuard *)
                        0x00015d4d   0x136  Code  Gb  HttpClient.o [2]
DH::CHttpClient::PrepareTask(DH::CHttpTask *)
                        0x0001578b   0x33e  Code  Gb  HttpClient.o [2]
DH::CHttpClient::ReleaseTask(DH::CHttpTask *)
                        0x00015b3d   0x210  Code  Gb  HttpClient.o [2]
DH::CHttpClient::m_pSingletone
                        0x7004008c     0x4  Data  Gb  HttpClient.o [2]
DH::CHttpClient::~CHttpClient()
                        0x00015611    0x6a  Code  Gb  HttpClient.o [2]
DH::CHttpClient::~CHttpClient() [deleting]
                        0x00015599    0x12  Code  Gb  HttpClient.o [2]
DH::CHttpTask::AddHeader(char const *, char const *)
                        0x00016509    0x42  Code  Gb  HttpTask.o [2]
DH::CHttpTask::AddPath(char const *)
                        0x0001642d    0x2c  Code  Gb  HttpTask.o [2]
DH::CHttpTask::AssembleResponse(unsigned int, unsigned int *, unsigned char **)
                        0x00016a5d   0x4d2  Code  Gb  HttpTask.o [2]
DH::CHttpTask::AsyncRun(char const *)
                        0x00016805    0x5a  Code  Gb  HttpTask.o [2]
DH::CHttpTask::CHttpTask()
                        0x000161bf    0xf8  Code  Gb  HttpTask.o [2]
DH::CHttpTask::ExitInstance()
                        0x000073a7     0x2  Code  Gb  HttpTask.o [2]
DH::CHttpTask::ExitInstance(unsigned int)
                        0x00016ff7   0x126  Code  Gb  HttpTask.o [2]
DH::CHttpTask::Finalize()
                        0x00016621    0x24  Code  Gb  HttpTask.o [2]
DH::CHttpTask::FinishUrl()
                        0x000164c1    0x3e  Code  Gb  HttpTask.o [2]
DH::CHttpTask::GetConnection()
                        0x00016425     0x8  Code  Gb  HttpTask.o [2]
DH::CHttpTask::GetHost()
                        0x000163d1     0x8  Code  Gb  HttpTask.o [2]
DH::CHttpTask::GetHttpStatus()
                        0x0001667d     0x8  Code  Gb  HttpTask.o [2]
DH::CHttpTask::GetPort()
                        0x00016415     0x8  Code  Gb  HttpTask.o [2]
DH::CHttpTask::GetResponseContent()
                        0x0001668d     0x8  Code  Gb  HttpTask.o [2]
DH::CHttpTask::GetResponseState()
                        0x00016685     0x8  Code  Gb  HttpTask.o [2]
DH::CHttpTask::HttpStatusIsSuccessfull()
                        0x0001665f    0x1e  Code  Gb  HttpTask.o [2]
DH::CHttpTask::Init(DH::ReqTypeEnum, char const *)
                        0x0001635d    0x5a  Code  Gb  HttpTask.o [2]
DH::CHttpTask::IsInterrupted()
                        0x00016645     0x8  Code  Gb  HttpTask.o [2]
DH::CHttpTask::NeedsSecure()
                        0x000163d9    0x3c  Code  Gb  HttpTask.o [2]
DH::CHttpTask::ParseUrl(char *)
                        0x00016695   0x160  Code  Gb  HttpTask.o [2]
DH::CHttpTask::QueryPath(char const *, char const *)
                        0x00016459    0x68  Code  Gb  HttpTask.o [2]
DH::CHttpTask::ReadResponse()
                        0x00016975    0xe0  Code  Gb  HttpTask.o [2]
DH::CHttpTask::ResponseIsComplited()
                        0x0001664d    0x12  Code  Gb  HttpTask.o [2]
DH::CHttpTask::Run()    0x00016f61    0x96  Code  Gb  HttpTask.o [2]
DH::CHttpTask::SetConnection(DH::CConnection *)
                        0x0001641d     0x8  Code  Gb  HttpTask.o [2]
DH::CHttpTask::SetContent(char *)
                        0x0001654b    0xc4  Code  Gb  HttpTask.o [2]
DH::CHttpTask::Stop()   0x0001712d    0x1a  Code  Gb  HttpTask.o [2]
DH::CHttpTask::WriteRequest()
                        0x00016865    0xe4  Code  Gb  HttpTask.o [2]
DH::CHttpTask::~CHttpTask()
                        0x000162e5    0x5c  Code  Gb  HttpTask.o [2]
DH::CHttpTask::~CHttpTask() [deleting]
                        0x000161ad    0x12  Code  Gb  HttpTask.o [2]
DH::CRestProtocol::AsyncAcknowledgeCommand(cJSON const *, void (DH::CRestProtocol::RestListener::*)(unsigned int, cJSON *))
                        0x00012641   0x14e  Code  Gb  REST.o [2]
DH::CRestProtocol::AsyncGetServerInfo(void (DH::CRestProtocol::RestListener::*)(unsigned int, cJSON *))
                        0x00011c67    0x98  Code  Gb  REST.o [2]
DH::CRestProtocol::AsyncPollCommands(char const *, void (DH::CRestProtocol::RestListener::*)(unsigned int, cJSON *))
                        0x00012301   0x134  Code  Gb  REST.o [2]
DH::CRestProtocol::AsyncRegister(cJSON *, void (DH::CRestProtocol::RestListener::*)(unsigned int, cJSON *))
                        0x00011f91    0xee  Code  Gb  REST.o [2]
DH::CRestProtocol::AsyncSendNotification(cJSON const *, void (DH::CRestProtocol::RestListener::*)(unsigned int, cJSON *))
                        0x000129af   0x128  Code  Gb  REST.o [2]
DH::CRestProtocol::CRestProtocol()
                        0x00011bc3    0x4e  Code  Gb  REST.o [2]
DH::CRestProtocol::GetInstance()
                        0x00011ba7    0x1c  Code  Gb  REST.o [2]
DH::CRestProtocol::OnCommandAcknowledged(unsigned int, DH::CHttpTask *, void *)
                        0x000127b1   0x1f8  Code  Gb  REST.o [2]
DH::CRestProtocol::OnGotRegistered(unsigned int, DH::CHttpTask *)
                        0x000120b1   0x17e  Code  Gb  REST.o [2]
DH::CRestProtocol::OnGotServerInfo(unsigned int, DH::CHttpTask *)
                        0x00011d39   0x178  Code  Gb  REST.o [2]
DH::CRestProtocol::OnNotify(unsigned int, DH::CHttpTask *)
                        0x00012b39   0x200  Code  Gb  REST.o [2]
DH::CRestProtocol::OnPollCommands(unsigned int, DH::CHttpTask *)
                        0x0001243d   0x200  Code  Gb  REST.o [2]
DH::CRestProtocol::m_pSingletone
                        0x700400d0     0x4  Data  Gb  REST.o [2]
DH::CRestProtocol::~CRestProtocol()
                        0x00011c45    0x22  Code  Gb  REST.o [2]
DH::CRestProtocol::~CRestProtocol() [deleting]
                        0x00011b95    0x12  Code  Gb  REST.o [2]
DH::HTTP::Accept        0x000132a8     0xc  Data  Lc  REST.o [2]
DH::HTTP::AuthDeviceID  0x00012b14    0x10  Data  Lc  REST.o [2]
DH::HTTP::AuthDeviceKey
                        0x00012b24    0x14  Data  Lc  REST.o [2]
DH::HTTP::Connection    0x000132b4    0x10  Data  Lc  REST.o [2]
DH::HTTP::Content_Length
                        0x00016f48    0x14  Data  Lc  HttpTask.o [2]
DH::HTTP::Content_Type  0x00012b04    0x10  Data  Lc  REST.o [2]
DH::HTTP::Host          0x00016500     0x8  Data  Lc  HttpTask.o [2]
DH::HTTP::cCRLF         0x00016f5c     0x4  Data  Lc  HttpTask.o [2]
DH::HTTP::cCRLFx2       0x00016f40     0x8  Data  Lc  HttpTask.o [2]
DH::HTTP::cHTTP_1_1     0x00016f34     0xc  Data  Lc  HttpTask.o [2]
DH::SecureConnection::Connect(unsigned int)
                        0x0002214b   0x1f4  Code  Gb  Connection.o [2]
DH::SecureConnection::ReadSome(unsigned char *, unsigned int, unsigned int &)
                        0x000223c1    0xbc  Code  Gb  Connection.o [2]
DH::SecureConnection::SecureConnection(unsigned int, unsigned short)
                        0x000220a1    0x56  Code  Gb  Connection.o [2]
DH::SecureConnection::Shutdown()
                        0x0002247d    0x60  Code  Gb  Connection.o [2]
DH::SecureConnection::WriteSome(unsigned char const *, unsigned int, unsigned int &)
                        0x00022345    0x7c  Code  Gb  Connection.o [2]
DH::SecureConnection::~SecureConnection()
                        0x000220f7    0x54  Code  Gb  Connection.o [2]
DH::SecureConnection::~SecureConnection() [deleting]
                        0x00021ad9     0xa  Code  Gb  Connection.o [2]
DH::SimpleConnection::Connect(unsigned int)
                        0x00021ef7    0x6c  Code  Gb  Connection.o [2]
DH::SimpleConnection::ReadSome(unsigned char *, unsigned int, unsigned int &)
                        0x00021fdd    0x7a  Code  Gb  Connection.o [2]
DH::SimpleConnection::Shutdown()
                        0x00022057    0x4a  Code  Gb  Connection.o [2]
DH::SimpleConnection::SimpleConnection(unsigned int, unsigned short)
                        0x00021e57    0x4e  Code  Gb  Connection.o [2]
DH::SimpleConnection::WriteSome(unsigned char const *, unsigned int, unsigned int &)
                        0x00021f63    0x7a  Code  Gb  Connection.o [2]
DH::SimpleConnection::~SimpleConnection()
                        0x00021ea5    0x52  Code  Gb  Connection.o [2]
DH::SimpleConnection::~SimpleConnection() [deleting]
                        0x00021ac7     0x8  Code  Gb  Connection.o [2]
DHCPCLNT_bind_attempt_timeout
                        0x00036b91    0x54  Code  Lc  dhcpclnt.o [11]
DHCPCLNT_copy_binding   0x00036dbd    0x38  Code  Lc  dhcpclnt.o [11]
DHCPCLNT_decline        0x00036be5    0x30  Code  Lc  dhcpclnt.o [11]
DHCPCLNT_fill_header    0x0003639f    0xa2  Code  Lc  dhcpclnt.o [11]
DHCPCLNT_fill_options   0x00036441   0x1fe  Code  Lc  dhcpclnt.o [11]
DHCPCLNT_find_option    0x000188d9     0x4  Code  Gb  dhcputil.o [11]
DHCPCLNT_init           0x00036281    0x46  Code  Gb  dhcpclnt.o [11]
DHCPCLNT_modify_options
                        0x00036687   0x128  Code  Lc  dhcpclnt.o [11]
DHCPCLNT_open           0x0003663f    0x48  Code  Lc  dhcpclnt.o [11]
DHCPCLNT_parse_offer    0x00036c75   0x148  Code  Lc  dhcpclnt.o [11]
DHCPCLNT_probe_address  0x000372ad     0xc  Code  Gb  dhcpclnt.o [11]
DHCPCLNT_rebind_lease   0x00036a27    0x5a  Code  Lc  dhcpclnt.o [11]
DHCPCLNT_release        0x000187d1    0x12  Code  Gb  ifdhcp.o [11]
DHCPCLNT_release_internal
                        0x00036c15    0x60  Code  Gb  dhcpclnt.o [11]
DHCPCLNT_renew_lease    0x00036a81    0x64  Code  Lc  dhcpclnt.o [11]
DHCPCLNT_send           0x000367b1   0x228  Code  Gb  dhcpclnt.o [11]
DHCPCLNT_send_one_shot  0x000369d9    0x4e  Code  Lc  dhcpclnt.o [11]
DHCPCLNT_service        0x00037213    0x86  Code  Gb  dhcpclnt.o [11]
DHCPCLNT_service_ack    0x00037035   0x164  Code  Lc  dhcpclnt.o [11]
DHCPCLNT_service_nak    0x000371c5    0x4e  Code  Lc  dhcpclnt.o [11]
DHCPCLNT_service_offer  0x00036f05    0x80  Code  Lc  dhcpclnt.o [11]
DHCPCLNT_set_timed_events
                        0x00036f85    0xa6  Code  Lc  dhcpclnt.o [11]
DHCPCLNT_start          0x000362d1    0xce  Code  Gb  dhcpclnt.o [11]
DHCPCLNT_terminate_lease
                        0x00036ae5    0xac  Code  Lc  dhcpclnt.o [11]
DHCPCLNT_verify_address
                        0x00037299    0x14  Code  Lc  dhcpclnt.o [11]
DHCPCLNT_verify_packet  0x00036df5   0x110  Code  Lc  dhcpclnt.o [11]
DHCP_find_option        0x000188dd    0x32  Code  Gb  dhcputil.o [11]
DHCP_option_variable    0x0001890f    0x3a  Code  Gb  dhcputil.o [11]
DNS_A_Root_server       0x7004250c    0x24  Data  Gb  dnshosts.o [11]
DNS_B_Root_server       0x700424e8    0x24  Data  Gb  dnshosts.o [11]
DNS_CACHE_NAME_LIMIT    0x7004118c     0x4  Data  Gb  dnshosts.o [11]
DNS_C_Root_server       0x700424c4    0x24  Data  Gb  dnshosts.o [11]
DNS_D_Root_server       0x700424a0    0x24  Data  Gb  dnshosts.o [11]
DNS_E_Root_server       0x7004247c    0x24  Data  Gb  dnshosts.o [11]
DNS_F_Root_server       0x70042458    0x24  Data  Gb  dnshosts.o [11]
DNS_First_Local_server  0x70042560     0x4  Data  Gb  dnshosts.o [11]
DNS_G_Root_server       0x70042434    0x24  Data  Gb  dnshosts.o [11]
DNS_H_Root_server       0x70042410    0x24  Data  Gb  dnshosts.o [11]
DNS_I_Root_server       0x700423ec    0x24  Data  Gb  dnshosts.o [11]
DNS_J_Root_server       0x700423c8    0x24  Data  Gb  dnshosts.o [11]
DNS_K_Root_server       0x700423a4    0x24  Data  Gb  dnshosts.o [11]
[...]
_sched_boost_priority_internal
                        0x00008413    0x62  Code  Gb  sched.o [9]
_sched_check_scheduler_internal
                        0x00007659          Code  Gb  dispatch.o [9]
_sched_execute_scheduler_internal
                        0x00007675          Code  Gb  dispatch.o [9]
_sched_get_max_priority_on_q_internal
                        0x00008513    0x1e  Code  Gb  sched.o [9]
_sched_insert_priorityq_internal
                        0x000084e9    0x2a  Code  Gb  sched.o [9]
_sched_run_internal     0x00007655          Code  Gb  dispatch.o [9]
_sched_set_priority_internal
                        0x00008531    0x54  Code  Gb  sched.o [9]
_sched_start_internal   0x00007651          Code  Gb  dispatch.o [9]
_sched_unboost_priority_internal
                        0x00008475    0x74  Code  Gb  sched.o [9]
_sched_yield            0x000083e1    0x32  Code  Gb  sched.o [9]
_sleep_p3               0x00007969          Code  Gb  dispatch.o [9]
_sleep_p3_end           0x000079af          Code  Gb  dispatch.o [9]
_sleep_p3_loop          0x0000796b          Code  Gb  dispatch.o [9]
_sleep_p3_loop_ram      0x70041178     0x4  Data  Gb  mqx.o [9]
_sleep_p3_ram           0x70041174     0x4  Data  Gb  mqx.o [9]
_sleep_p3_start         0x00007961          Code  Gb  dispatch.o [9]
_sleep_p3_wfi           0x00007999          Code  Gb  dispatch.o [9]
_sleep_p3_wfi_ram       0x7004117c     0x4  Data  Gb  mqx.o [9]
_svc_handler            0x0000767f          Code  Gb  dispatch.o [9]
_task_abort             0x000065d3     0x4  Code  Gb  task.o [9]
_task_abort_internal    0x000064bd   0x116  Code  Gb  task.o [9]
_task_alloc_td_internal
                        0x00006da3    0xdc  Code  Gb  task.o [9]
_task_block             0x0000767b          Code  Gb  dispatch.o [9]
_task_build_internal    0x00006b29    0x66  Code  Gb  task.o [9]
_task_check_stack       0x00006a19    0x20  Code  Gb  task.o [9]
_task_create            0x0000669d     0x4  Code  Gb  task.o [9]
_task_create_internal   0x000065d7    0xc6  Code  Gb  task.o [9]
_task_destroy           0x000068ff     0x4  Code  Gb  task.o [9]
_task_destroy_internal  0x000066a1   0x25e  Code  Gb  task.o [9]
_task_exit_function_internal
                        0x00006b97    0x3c  Code  Gb  task.o [9]
_task_fill_stack_internal
                        0x00006d2f    0x12  Code  Gb  task.o [9]
_task_get_error         0x00006a39    0x16  Code  Gb  task.o [9]
_task_get_error_ptr     0x00006a4f    0x16  Code  Gb  task.o [9]
_task_get_id            0x00006a65     0xc  Code  Gb  task.o [9]
_task_get_td            0x00006a71    0x4e  Code  Gb  task.o [9]
_task_get_template_ptr  0x00006903     0xc  Code  Gb  task.o [9]
_task_init_internal     0x00006bd3   0x156  Code  Gb  task.o [9]
_task_ready             0x0000690f    0xa4  Code  Gb  task.o [9]
_task_ready_internal    0x00006d41    0x60  Code  Gb  task.o [9]
_task_set_error         0x00006abf    0x6a  Code  Gb  task.o [9]
_task_set_error_td_internal
                        0x00006e7f    0x54  Code  Gb  task.o [9]
_task_stop_preemption   0x000069bd    0x56  Code  Gb  task.o [9]
_task_sync_priority_internal
                        0x00006da1     0x2  Code  Gb  task.o [9]
_time_delay             0x00007b3d    0x84  Code  Gb  time.o [9]
_time_delay_for         0x00007bc1    0x7e  Code  Gb  time.o [9]
_time_delay_internal    0x00007c3f    0x6e  Code  Gb  time.o [9]
_time_delay_until       0x00007cad    0x78  Code  Gb  time.o [9]
_time_diff_milliseconds
                        0x00007d3d    0x18  Code  Gb  time.o [9]
_time_diff_ticks        0x00007d25    0x18  Code  Gb  time.o [9]
_time_get               0x00007d9f    0x18  Code  Gb  time.o [9]
_time_get_elapsed       0x00007d55    0x1a  Code  Gb  time.o [9]
_time_get_elapsed_ticks
                        0x00007d6f    0x30  Code  Gb  time.o [9]
_time_get_hwticks       0x00007db7    0x18  Code  Gb  time.o [9]
_time_get_hwticks_per_tick
                        0x00007e39     0xc  Code  Gb  time.o [9]
_time_get_resolution    0x00007ddb    0x14  Code  Gb  time.o [9]
_time_get_ticks         0x00007def    0x3c  Code  Gb  time.o [9]
_time_get_ticks_per_sec
                        0x00007dcf     0xc  Code  Gb  time.o [9]
_time_notify_kernel     0x00007e45    0xbc  Code  Gb  time.o [9]
_time_set_hwtick_function
                        0x00007f0b     0xe  Code  Gb  time.o [9]
_time_set_hwticks_per_tick
                        0x00007f19     0xa  Code  Gb  time.o [9]
_time_set_ticks_per_sec
                        0x00007f01     0xa  Code  Gb  time.o [9]
abort                   0x00015553     0x6  Code  Gb  abort.o [6]
bytebit                 0x00028324    0x20  Data  Lc  des3.o [4]
cJSON_AddItemToArray    0x0001122d    0x18  Code  Gb  cJSON.o [2]
cJSON_AddItemToObject   0x00011245    0x2a  Code  Gb  cJSON.o [2]
cJSON_CreateBool        0x0001131d    0x26  Code  Gb  cJSON.o [2]
cJSON_CreateNumber      0x00011343    0x3a  Code  Gb  cJSON.o [2]
cJSON_CreateObject      0x000113b9    0x1c  Code  Gb  cJSON.o [2]
cJSON_CreateString      0x0001137d    0x3c  Code  Gb  cJSON.o [2]
cJSON_Delete            0x00010569    0x3c  Code  Gb  cJSON.o [2]
cJSON_DetachItemFromArray
                        0x0001126f    0x38  Code  Gb  cJSON.o [2]
cJSON_Duplicate         0x000113d5    0xce  Code  Gb  cJSON.o [2]
cJSON_GetArraySize      0x00011201    0x10  Code  Gb  cJSON.o [2]
cJSON_GetErrorPtr       0x000104f1     0x8  Code  Gb  cJSON.o [2]
cJSON_GetObjectItem     0x00011211    0x1c  Code  Gb  cJSON.o [2]
cJSON_Parse             0x00010a89     0x6  Code  Gb  cJSON.o [2]
cJSON_ParseWithOpts     0x00010a11    0x74  Code  Gb  cJSON.o [2]
cJSON_PrintUnformatted  0x00010a8f     0x2  Code  Gb  cJSON.o [2]
cJSON_ReplaceItemInArray
                        0x000112a7    0x3c  Code  Gb  cJSON.o [2]
cJSON_ReplaceItemInObject
                        0x000112e3    0x3a  Code  Gb  cJSON.o [2]
cJSON_free              0x70042338     0x4  Data  Lc  cJSON.o [2]
cJSON_malloc            0x70042334     0x4  Data  Lc  cJSON.o [2]
cJSON_strcasecmp        0x000104f9    0x48  Code  Lc  cJSON.o [2]
cJSON_strdup            0x00010541    0x28  Code  Lc  cJSON.o [2]
client                  0x00025b44     0x4  Data  Lc  tls.o [4]
client                  0x0001af2c     0x4  Data  Lc  internal.o [4]
count_mutex             0x700400e8    0x30  Data  Lc  ssl.o [4]
devif_list              0x70042278     0x4  Data  Lc  dma.o [5]
devif_list_count        0x7004227c     0x4  Data  Lc  dma.o [5]
div                     0x0002b9a1     0xe  Code  Gb  div.o [6]
dma_deinit              0x00008d99    0x44  Code  Gb  dma.o [5]
dma_init                0x00008d55    0x44  Code  Gb  dma.o [5]
dmamux_base_tab         0x700425cc     0x8  Data  Lc  edma.o [5]
dmul                    0x0000bcb9    0x5a  Code  Lc  xdtento.o [8]
doPRF                   0x0002575d    0xcc  Code  Lc  tls.o [4]
edma_base_tab           0x700425c8     0x4  Data  Lc  edma.o [5]
edma_channel_claim      0x00037669    0x7a  Code  Lc  edma.o [5]
edma_channel_context    0x7004229c    0x80  Data  Lc  edma.o [5]
edma_channel_release    0x000376e3    0x2e  Code  Lc  edma.o [5]
edma_channel_reset      0x00037711    0x44  Code  Lc  edma.o [5]
edma_channel_setup      0x00037755    0x4e  Code  Lc  edma.o [5]
edma_channel_sgaidx     0x00037399    0x28  Code  Lc  edma.o [5]
edma_channel_status     0x000377a3    0xce  Code  Lc  edma.o [5]
edma_deinit             0x00037651    0x18  Code  Lc  edma.o [5]
edma_devif              0x7004259c    0x2c  Data  Gb  edma.o [5]
edma_done_isr           0x000373c1    0xbe  Code  Lc  edma.o [5]
edma_done_vectors       0x0000daa4    0x40  Data  Lc  edma_kinetisf.o [5]
edma_err_isr            0x0003747f    0x52  Code  Lc  edma.o [5]
edma_error_vectors      0x0000dae4     0x4  Data  Lc  edma_kinetisf.o [5]
edma_hwtcd_push         0x00037969    0x32  Code  Lc  edma.o [5]
edma_init               0x0003763d    0x14  Code  Lc  edma.o [5]
edma_install_isrs       0x00037531    0x88  Code  Lc  edma.o [5]
edma_request_disable    0x00037b31    0x18  Code  Lc  edma.o [5]
edma_request_enable     0x00037aff    0x32  Code  Lc  edma.o [5]
edma_request_source     0x00037ad1    0x2e  Code  Lc  edma.o [5]
edma_reset_module       0x000374d1    0x60  Code  Lc  edma.o [5]
edma_tcd_prepare        0x00037871    0xf8  Code  Lc  edma.o [5]
edma_transfer_submit    0x0003799b   0x136  Code  Lc  edma.o [5]
edma_uninstall_isrs     0x000375b9    0x84  Code  Lc  edma.o [5]
ep                      0x70042330     0x4  Data  Lc  cJSON.o [2]
exit                    0x00007b39     0x4  Code  Gb  exit.o [6]
firstByteMark           0x00010924     0x8  Data  Lc  cJSON.o [2]
floor                   0x0001541d          Code  Gb  floor.o [8]
floorl                  0x0001541d          Code  Gb  floor.o [8]
fp_2expt                0x0002b1dd    0x36  Code  Gb  tfm.o [4]
fp_add                  0x0002a12d    0x46  Code  Gb  tfm.o [4]
fp_cmp                  0x0002b35b    0x2c  Code  Gb  tfm.o [4]
fp_cmp_mag              0x0002b38d    0x42  Code  Gb  tfm.o [4]
fp_count_bits           0x0002b6a5    0x24  Code  Gb  tfm.o [4]
fp_div                  0x0002a59b   0x3aa  Code  Gb  tfm.o [4]
fp_div_2                0x0002a94d    0x7a  Code  Gb  tfm.o [4]
fp_div_2d               0x0002a9c7    0xb4  Code  Gb  tfm.o [4]
fp_exptmod              0x0002b177    0x60  Code  Gb  tfm.o [4]
fp_invmod               0x0002ae67   0x1e4  Code  Gb  tfm.o [4]
fp_invmod_slow          0x0002ab6b   0x2f4  Code  Lc  tfm.o [4]
fp_lshd                 0x0002b6c9    0x6a  Code  Gb  tfm.o [4]
fp_mod                  0x0002aa83    0x50  Code  Gb  tfm.o [4]
fp_mod_2d               0x0002aad3    0x98  Code  Gb  tfm.o [4]
fp_montgomery_calc_normalization
                        0x0002b403    0xa0  Code  Gb  tfm.o [4]
fp_montgomery_reduce    0x0002b4a3   0x120  Code  Gb  tfm.o [4]
fp_montgomery_setup     0x0002b3cf    0x34  Code  Gb  tfm.o [4]
fp_mul_2                0x0002a311    0x6c  Code  Gb  tfm.o [4]
fp_mul_2d               0x0002a417    0x8a  Code  Gb  tfm.o [4]
fp_mul_comba            0x0002a4a1    0xfa  Code  Gb  tfm.o [4]
fp_mul_d                0x0002a37d    0x9a  Code  Gb  tfm.o [4]
fp_mulmod               0x0002b053    0x2c  Code  Gb  tfm.o [4]
fp_read_unsigned_bin    0x0002b5c3    0x60  Code  Gb  tfm.o [4]
fp_reverse              0x0002b7cf    0x22  Code  Gb  tfm.o [4]
fp_rshb                 0x0002b733    0x36  Code  Gb  tfm.o [4]
fp_rshd                 0x0002b769    0x66  Code  Gb  tfm.o [4]
fp_sqr_comba            0x0002b213   0x148  Code  Gb  tfm.o [4]
fp_sub                  0x0002a219    0x4c  Code  Gb  tfm.o [4]
fp_to_unsigned_bin      0x0002b623    0x82  Code  Gb  tfm.o [4]
free                    0x000044f3     0x4  Code  Gb  comp.o [9]
g_pApp                  0x70040084     0x4  Data  Gb  DeviceHiveMain.o [2]
getint                  0x0002c995    0x28  Code  Lc  xgetdst.o [6]
gpio_ptr_arr            0x0000c180    0x18  Data  Lc  lwgpio_kgpio.o [5]
hwtimer_callback_reg    0x00007519    0x14  Code  Gb  hwtimer.o [5]
hwtimer_deinit          0x00007455    0x44  Code  Gb  hwtimer.o [5]
hwtimer_get_modulo      0x000074f5     0x6  Code  Gb  hwtimer.o [5]
hwtimer_get_time        0x000074fb    0x1e  Code  Gb  hwtimer.o [5]
hwtimer_init            0x00007415    0x40  Code  Gb  hwtimer.o [5]
hwtimer_set_freq        0x00007499    0x34  Code  Gb  hwtimer.o [5]
hwtimer_start           0x000074d9    0x1c  Code  Gb  hwtimer.o [5]
hwtimer_systick_deinit  0x000354f5    0x20  Code  Lc  hwtimer_systick.o [5]
hwtimer_systick_get_time
                        0x0003554d    0x38  Code  Lc  hwtimer_systick.o [5]
hwtimer_systick_init    0x000354a3    0x52  Code  Lc  hwtimer_systick.o [5]
hwtimer_systick_isr     0x00035475    0x2e  Code  Lc  hwtimer_systick.o [5]
hwtimer_systick_set_div
                        0x00035515    0x1e  Code  Lc  hwtimer_systick.o [5]
hwtimer_systick_start   0x00035533     0xe  Code  Lc  hwtimer_systick.o [5]
hwtimer_systick_stop    0x00035541     0xc  Code  Lc  hwtimer_systick.o [5]
initRefCount            0x700400e4     0x4  Data  Lc  ssl.o [4]
init_hardware           0x000047bd    0x10  Code  Gb  init_hw.o [5]
internal_Pow            0x0000a701   0x478  Code  Lc  pow.o [8]
ipcfg_add_dns_ip        0x00013577    0x40  Code  Gb  ipcfg.o [11]
ipcfg_add_interface     0x00013531    0x46  Code  Gb  ipcfg.o [11]
ipcfg_bind_autoip_internal_actual
                        0x00013717    0xce  Code  Lc  ipcfg.o [11]
ipcfg_bind_dhcp         0x000139df    0x2a  Code  Gb  ipcfg.o [11]
ipcfg_bind_dhcp_func    0x00013809    0xf2  Code  Lc  ipcfg.o [11]
ipcfg_bind_dhcp_internal
                        0x00013937    0xa8  Code  Lc  ipcfg.o [11]
ipcfg_bind_dhcp_wait    0x00013b67    0x3c  Code  Gb  ipcfg.o [11]
ipcfg_data              0x700410ec    0x80  Data  Gb  ipcfg.o [11]
ipcfg_del_dns_ip        0x000135b7    0x30  Code  Gb  ipcfg.o [11]
ipcfg_dhcp_choice_func  0x00013805     0x4  Code  Lc  ipcfg.o [11]
ipcfg_dhcp_fail_func    0x00013923    0x14  Code  Lc  ipcfg.o [11]
ipcfg_dhcp_nak_func     0x000138fb    0x24  Code  Lc  ipcfg.o [11]
ipcfg_dhcp_unbind_func  0x0001391f     0x4  Code  Lc  ipcfg.o [11]
ipcfg_get_device_number
                        0x00013511    0x20  Code  Gb  ipcfg.o [11]
ipcfg_get_ip            0x000135e7    0x20  Code  Gb  ipcfg.o [11]
ipcfg_init_device       0x00013ba5    0x40  Code  Gb  ipcfg.o [11]
ipcfg_init_interface    0x00013be9    0xd4  Code  Gb  ipcfg.o [11]
ipcfg_poll_dhcp         0x00013b1d    0x32  Code  Gb  ipcfg.o [11]
ipcfg_poll_dhcp_internal
                        0x00013a09   0x114  Code  Lc  ipcfg.o [11]
ipcfg_unbind_internal_actual
                        0x00013607   0x10a  Code  Lc  ipcfg.o [11]
isalnum                 0x0002c0f9    0x1e  Code  Gb  isalnum.o [6]
isdigit                 0x0002c0ef     0xa  Code  Gb  isdigit.o [6]
key_label               0x00025b78    0x10  Data  Lc  tls.o [4]
lmos                    0x0002c504    0x18  Data  Lc  xttotm.o [6]
lnbias                  0x0000aba0   0x420  Data  Lc  pow.o [8]
lower_hex_string        0x0000c1ac    0x14  Data  Lc  io_dopr.o [9]
lwgpio_get_value        0x0001552d    0x16  Code  Gb  lwgpio_kgpio.o [5]
lwgpio_init             0x0001547d    0x46  Code  Gb  lwgpio_kgpio.o [5]
lwgpio_set_direction    0x000154e7    0x30  Code  Gb  lwgpio_kgpio.o [5]
lwgpio_set_functionality
                        0x000154cd    0x1a  Code  Gb  lwgpio_kgpio.o [5]
lwgpio_set_value        0x00015517    0x16  Code  Gb  lwgpio_kgpio.o [5]
main                    0x00007b29    0x10  Code  Gb  mqx_main.o [5]
malloc                  0x000044ef     0x4  Code  Gb  comp.o [9]
master_label            0x00025b68    0x10  Data  Lc  tls.o [4]
memchr                  0x0002b949          Code  Gb  memchr.o [10]
memcpy                  0x0002c117     0xc  Code  Gb  memcpy.o [6]
memset                  0x0002c123    0x14  Code  Gb  memset.o [6]
mos                     0x0002c51c    0x18  Data  Lc  xttotm.o [6]
mp_add                  0x0002b80b     0xa  Code  Gb  tfm.o [4]
mp_clear                0x0002b801     0x2  Code  Gb  tfm.o [4]
mp_exptmod              0x0002b82d     0x2  Code  Gb  tfm.o [4]
mp_init                 0x0002b7f1    0x10  Code  Gb  tfm.o [4]
mp_mul                  0x0002b81f     0xa  Code  Gb  tfm.o [4]
mp_mulmod               0x0002b829     0x4  Code  Gb  tfm.o [4]
mp_read_unsigned_bin    0x0002b873     0xa  Code  Gb  tfm.o [4]
mp_sub                  0x0002b815     0xa  Code  Gb  tfm.o [4]
mp_to_unsigned_bin      0x0002b869     0xa  Code  Gb  tfm.o [4]
mp_unsigned_bin_size    0x0002b82f     0x2  Code  Gb  tfm.o [4]
operator delete (void *)
                        0x0000ea79     0xa  Code  Gb  delop_0.o [7]
operator delete[] (void *)
                        0x000132dd     0x4  Code  Gb  delaop_0.o [7]
operator new (unsigned int)
                        0x0000ea85    0x24  Code  Gb  newop_0.o [7]
operator new[] (unsigned int)
                        0x00013e91     0x8  Code  Gb  newaop_0.o [7]
p_hash                  0x0002565d    0xfa  Code  Lc  tls.o [4]
parse_hex4              0x00010709    0xac  Code  Lc  cJSON.o [2]
parse_number            0x000105a5   0x14c  Code  Lc  cJSON.o [2]
parse_object            0x00010e77   0x138  Code  Lc  cJSON.o [2]
parse_string            0x000107b5   0x168  Code  Lc  cJSON.o [2]
parse_value             0x00010a95   0x142  Code  Lc  cJSON.o [2]
pc1                     0x000282ac    0x38  Data  Lc  des3.o [4]
pc2                     0x000282f4    0x30  Data  Lc  des3.o [4]
pcr_reg_arr             0x7004233c    0x18  Data  Gb  lwgpio_kgpio.o [5]
phy_ksz8041_IF          0x0000da90    0x14  Data  Gb  phy_ksz8041.o [5]
phy_ksz8041_discover_addr
                        0x00039d09    0x40  Code  Lc  phy_ksz8041.o [5]
phy_ksz8041_get_link_status
                        0x00039e13    0x5a  Code  Lc  phy_ksz8041.o [5]
phy_ksz8041_get_speed   0x00039dd7    0x3c  Code  Lc  phy_ksz8041.o [5]
phy_ksz8041_init        0x00039d49    0x8e  Code  Lc  phy_ksz8041.o [5]
pows                    0x0000be70    0x48  Data  Lc  xdtento.o [8]
print_array             0x00010d4d   0x124  Code  Lc  cJSON.o [2]
print_object            0x00010fc5   0x234  Code  Lc  cJSON.o [2]
print_string_ptr        0x0001092d    0xd4  Code  Lc  cJSON.o [2]
print_value             0x00010bdd   0x152  Code  Lc  cJSON.o [2]
pushButton              0x700400d4    0x10  Data  Lc  TestPin_think.o [2]
rcon                    0x0000c47c    0x28  Data  Lc  aes.o [4]
reseed                  0x70042288     0x4  Data  Lc  rtcsrand.o [11]
rotlFixed               0x00023abd     0x8  Code  Lc  sha.o [4]
rtcs_enet               0x0000c36c    0x14  Data  Lc  ip-e.o [11]
rtcs_local              0x0000d8a4    0x14  Data  Lc  iplocal.o [11]
s_fp_add                0x0002a173    0xa6  Code  Gb  tfm.o [4]
s_fp_sub                0x0002a265    0xac  Code  Gb  tfm.o [4]
seed                    0x70042284     0x4  Data  Lc  rtcsrand.o [11]
server                  0x0001af28     0x4  Data  Lc  internal.o [4]
session_mutex           0x70040118    0x30  Data  Lc  ssl.o [4]
sprintf                 0x000153d9    0x34  Code  Gb  sprintf.o [6]
state                   0x70042598     0x4  Data  Lc  rtcsrand.o [11]
std::_NomemoryNothrow()
                        0x00011b69     0x4  Code  Gb  nomemory.o [7]
std::__iar_New_hand     0x7004231c     0x4  Data  Gb  new.o [7]
strcat                  0x000229ad    0x1c  Code  Gb  strcat.o [6]
strchr                  0x000153c1          Code  Gb  strchr.o [10]
strcspn                 0x000229f5    0x22  Code  Gb  strcspn.o [6]
strlen                  0x000114d5          Code  Gb  strlen.o [10]
strncmp                 0x0000a6d5    0x2a  Code  Gb  strncmp.o [6]
systick_devif           0x0000c464    0x18  Data  Gb  hwtimer_systick.o [5]
systimer                0x70040040    0x40  Data  Gb  init_bsp.o [5]
tls_client              0x00025b48    0x10  Data  Lc  tls.o [4]
tls_server              0x00025b58    0x10  Data  Lc  tls.o [4]
tolower                 0x00034071     0xc  Code  Gb  tolower.o [6]
toolchain_startup       0x000044f7     0x4  Code  Gb  comp.o [9]
totrot                  0x000282e4    0x10  Data  Lc  des3.o [4]
upper_hex_string        0x0000c198    0x14  Data  Lc  io_dopr.o [9]
xorbuf                  0x00027d15    0x3a  Code  Lc  des3.o [4]


[1] = D:\Work\Buchi\DeviceHive-MQX\iar
[2] = D:\Work\Buchi\DeviceHive-MQX\iar\Release\Obj
[3] = command line
[4] = CyaSSL-Lib.a
[5] = bsp.a
[6] = dl7M_tln.a
[7] = dlpp7M_tl_nc.a
[8] = m7M_tlv.a
[9] = psp.a
[10] = rt7M_tl.a
[11] = rtcs.a

  208 150 bytes of readonly  code memory
   13 379 bytes of readonly  data memory
    9 687 bytes of readwrite data memory

Errors: none
Warnings: 1
